Archive member included to satisfy reference by file (symbol)

C:/ST/STM32CubeIDE_1.19.0/STM32CubeIDE/plugins/com.st.stm32cube.ide.mcu.externaltools.gnu-tools-for-stm32.13.3.rel1.win32_1.0.0.202411081344/tools/bin/../lib/gcc/arm-none-eabi/13.3.1/../../../../arm-none-eabi/lib/thumb/v7-m/nofp\libc_nano.a(libc_a-exit.o)
                              C:/ST/STM32CubeIDE_1.19.0/STM32CubeIDE/plugins/com.st.stm32cube.ide.mcu.externaltools.gnu-tools-for-stm32.13.3.rel1.win32_1.0.0.202411081344/tools/bin/../lib/gcc/arm-none-eabi/13.3.1/../../../../arm-none-eabi/lib/thumb/v7-m/nofp/crt0.o (exit)
C:/ST/STM32CubeIDE_1.19.0/STM32CubeIDE/plugins/com.st.stm32cube.ide.mcu.externaltools.gnu-tools-for-stm32.13.3.rel1.win32_1.0.0.202411081344/tools/bin/../lib/gcc/arm-none-eabi/13.3.1/../../../../arm-none-eabi/lib/thumb/v7-m/nofp\libc_nano.a(libc_a-findfp.o)
                              C:/ST/STM32CubeIDE_1.19.0/STM32CubeIDE/plugins/com.st.stm32cube.ide.mcu.externaltools.gnu-tools-for-stm32.13.3.rel1.win32_1.0.0.202411081344/tools/bin/../lib/gcc/arm-none-eabi/13.3.1/../../../../arm-none-eabi/lib/thumb/v7-m/nofp\libc_nano.a(libc_a-exit.o) (__stdio_exit_handler)
C:/ST/STM32CubeIDE_1.19.0/STM32CubeIDE/plugins/com.st.stm32cube.ide.mcu.externaltools.gnu-tools-for-stm32.13.3.rel1.win32_1.0.0.202411081344/tools/bin/../lib/gcc/arm-none-eabi/13.3.1/../../../../arm-none-eabi/lib/thumb/v7-m/nofp\libc_nano.a(libc_a-fwalk.o)
                              C:/ST/STM32CubeIDE_1.19.0/STM32CubeIDE/plugins/com.st.stm32cube.ide.mcu.externaltools.gnu-tools-for-stm32.13.3.rel1.win32_1.0.0.202411081344/tools/bin/../lib/gcc/arm-none-eabi/13.3.1/../../../../arm-none-eabi/lib/thumb/v7-m/nofp\libc_nano.a(libc_a-findfp.o) (_fwalk_sglue)
C:/ST/STM32CubeIDE_1.19.0/STM32CubeIDE/plugins/com.st.stm32cube.ide.mcu.externaltools.gnu-tools-for-stm32.13.3.rel1.win32_1.0.0.202411081344/tools/bin/../lib/gcc/arm-none-eabi/13.3.1/../../../../arm-none-eabi/lib/thumb/v7-m/nofp\libc_nano.a(libc_a-snprintf.o)
                              ./Core/Src/main.o (snprintf)
C:/ST/STM32CubeIDE_1.19.0/STM32CubeIDE/plugins/com.st.stm32cube.ide.mcu.externaltools.gnu-tools-for-stm32.13.3.rel1.win32_1.0.0.202411081344/tools/bin/../lib/gcc/arm-none-eabi/13.3.1/../../../../arm-none-eabi/lib/thumb/v7-m/nofp\libc_nano.a(libc_a-stdio.o)
                              C:/ST/STM32CubeIDE_1.19.0/STM32CubeIDE/plugins/com.st.stm32cube.ide.mcu.externaltools.gnu-tools-for-stm32.13.3.rel1.win32_1.0.0.202411081344/tools/bin/../lib/gcc/arm-none-eabi/13.3.1/../../../../arm-none-eabi/lib/thumb/v7-m/nofp\libc_nano.a(libc_a-findfp.o) (__sread)
C:/ST/STM32CubeIDE_1.19.0/STM32CubeIDE/plugins/com.st.stm32cube.ide.mcu.externaltools.gnu-tools-for-stm32.13.3.rel1.win32_1.0.0.202411081344/tools/bin/../lib/gcc/arm-none-eabi/13.3.1/../../../../arm-none-eabi/lib/thumb/v7-m/nofp\libc_nano.a(libc_a-memset.o)
                              C:/ST/STM32CubeIDE_1.19.0/STM32CubeIDE/plugins/com.st.stm32cube.ide.mcu.externaltools.gnu-tools-for-stm32.13.3.rel1.win32_1.0.0.202411081344/tools/bin/../lib/gcc/arm-none-eabi/13.3.1/../../../../arm-none-eabi/lib/thumb/v7-m/nofp/crt0.o (memset)
C:/ST/STM32CubeIDE_1.19.0/STM32CubeIDE/plugins/com.st.stm32cube.ide.mcu.externaltools.gnu-tools-for-stm32.13.3.rel1.win32_1.0.0.202411081344/tools/bin/../lib/gcc/arm-none-eabi/13.3.1/../../../../arm-none-eabi/lib/thumb/v7-m/nofp\libc_nano.a(libc_a-closer.o)
                              C:/ST/STM32CubeIDE_1.19.0/STM32CubeIDE/plugins/com.st.stm32cube.ide.mcu.externaltools.gnu-tools-for-stm32.13.3.rel1.win32_1.0.0.202411081344/tools/bin/../lib/gcc/arm-none-eabi/13.3.1/../../../../arm-none-eabi/lib/thumb/v7-m/nofp\libc_nano.a(libc_a-stdio.o) (_close_r)
C:/ST/STM32CubeIDE_1.19.0/STM32CubeIDE/plugins/com.st.stm32cube.ide.mcu.externaltools.gnu-tools-for-stm32.13.3.rel1.win32_1.0.0.202411081344/tools/bin/../lib/gcc/arm-none-eabi/13.3.1/../../../../arm-none-eabi/lib/thumb/v7-m/nofp\libc_nano.a(libc_a-reent.o)
                              C:/ST/STM32CubeIDE_1.19.0/STM32CubeIDE/plugins/com.st.stm32cube.ide.mcu.externaltools.gnu-tools-for-stm32.13.3.rel1.win32_1.0.0.202411081344/tools/bin/../lib/gcc/arm-none-eabi/13.3.1/../../../../arm-none-eabi/lib/thumb/v7-m/nofp\libc_nano.a(libc_a-closer.o) (errno)
C:/ST/STM32CubeIDE_1.19.0/STM32CubeIDE/plugins/com.st.stm32cube.ide.mcu.externaltools.gnu-tools-for-stm32.13.3.rel1.win32_1.0.0.202411081344/tools/bin/../lib/gcc/arm-none-eabi/13.3.1/../../../../arm-none-eabi/lib/thumb/v7-m/nofp\libc_nano.a(libc_a-impure.o)
                              C:/ST/STM32CubeIDE_1.19.0/STM32CubeIDE/plugins/com.st.stm32cube.ide.mcu.externaltools.gnu-tools-for-stm32.13.3.rel1.win32_1.0.0.202411081344/tools/bin/../lib/gcc/arm-none-eabi/13.3.1/../../../../arm-none-eabi/lib/thumb/v7-m/nofp\libc_nano.a(libc_a-snprintf.o) (_impure_ptr)
[...]
Memory Configuration

Name             Origin             Length             Attributes
RAM              0x20000000         0x00005000         xrw
FLASH            0x08000000         0x00010000         xr
*default*        0x00000000         0xffffffff

Linker script and memory map

LOAD C:/ST/STM32CubeIDE_1.19.0/STM32CubeIDE/plugins/com.st.stm32cube.ide.mcu.externaltools.gnu-tools-for-stm32.13.3.rel1.win32_1.0.0.202411081344/tools/bin/../lib/gcc/arm-none-eabi/13.3.1/thumb/v7-m/nofp/crti.o
LOAD C:/ST/STM32CubeIDE_1.19.0/STM32CubeIDE/plugins/com.st.stm32cube.ide.mcu.externaltools.gnu-tools-for-stm32.13.3.rel1.win32_1.0.0.202411081344/tools/bin/../lib/gcc/arm-none-eabi/13.3.1/thumb/v7-m/nofp/crtbegin.o
LOAD C:/ST/STM32CubeIDE_1.19.0/STM32CubeIDE/plugins/com.st.stm32cube.ide.mcu.externaltools.gnu-tools-for-stm32.13.3.rel1.win32_1.0.0.202411081344/tools/bin/../lib/gcc/arm-none-eabi/13.3.1/../../../../arm-none-eabi/lib/thumb/v7-m/nofp/crt0.o
LOAD ./Core/Src/main.o
LOAD ./Core/Src/stm32f1xx_hal_msp.o
LOAD ./Core/Src/stm32f1xx_it.o
LOAD ./Core/Src/syscalls.o
LOAD ./Core/Src/sysmem.o
LOAD ./Core/Src/system_stm32f1xx.o
LOAD ./Core/Src/usb_device.o
LOAD ./Core/Src/usbd_cdc.o
LOAD ./Core/Src/usbd_cdc_if.o
LOAD ./Core/Src/usbd_conf.o
LOAD ./Core/Src/usbd_core.o
LOAD ./Core/Src/usbd_ctlreq.o
LOAD ./Core/Src/usbd_desc.o
LOAD ./Core/Src/usbd_ioreq.o
LOAD ./Core/Startup/startup_stm32f103c8tx.o
LOAD ./Drivers/STM32F1xx_HAL_Driver/Src/stm32f1xx_hal.o
LOAD ./Drivers/STM32F1xx_HAL_Driver/Src/stm32f1xx_hal_adc.o
LOAD ./Drivers/STM32F1xx_HAL_Driver/Src/stm32f1xx_hal_adc_ex.o
LOAD ./Drivers/STM32F1xx_HAL_Driver/Src/stm32f1xx_hal_cortex.o
LOAD ./Drivers/STM32F1xx_HAL_Driver/Src/stm32f1xx_hal_dma.o
LOAD ./Drivers/STM32F1xx_HAL_Driver/Src/stm32f1xx_hal_exti.o
LOAD ./Drivers/STM32F1xx_HAL_Driver/Src/stm32f1xx_hal_flash.o
LOAD ./Drivers/STM32F1xx_HAL_Driver/Src/stm32f1xx_hal_flash_ex.o
LOAD ./Drivers/STM32F1xx_HAL_Driver/Src/stm32f1xx_hal_gpio.o
LOAD ./Drivers/STM32F1xx_HAL_Driver/Src/stm32f1xx_hal_gpio_ex.o
LOAD ./Drivers/STM32F1xx_HAL_Driver/Src/stm32f1xx_hal_i2c.o
LOAD ./Drivers/STM32F1xx_HAL_Driver/Src/stm32f1xx_hal_pcd.o
LOAD ./Drivers/STM32F1xx_HAL_Driver/Src/stm32f1xx_hal_pcd_ex.o
LOAD ./Drivers/STM32F1xx_HAL_Driver/Src/stm32f1xx_hal_pwr.o
LOAD ./Drivers/STM32F1xx_HAL_Driver/Src/stm32f1xx_hal_rcc.o
LOAD ./Drivers/STM32F1xx_HAL_Driver/Src/stm32f1xx_hal_rcc_ex.o
LOAD ./Drivers/STM32F1xx_HAL_Driver/Src/stm32f1xx_hal_tim.o
LOAD ./Drivers/STM32F1xx_HAL_Driver/Src/stm32f1xx_hal_tim_ex.o
LOAD ./Drivers/STM32F1xx_HAL_Driver/Src/stm32f1xx_ll_usb.o
START GROUP
LOAD C:/ST/STM32CubeIDE_1.19.0/STM32CubeIDE/plugins/com.st.stm32cube.ide.mcu.externaltools.gnu-tools-for-stm32.13.3.rel1.win32_1.0.0.202411081344/tools/bin/../lib/gcc/arm-none-eabi/13.3.1/../../../../arm-none-eabi/lib/thumb/v7-m/nofp\libc_nano.a
LOAD C:/ST/STM32CubeIDE_1.19.0/STM32CubeIDE/plugins/com.st.stm32cube.ide.mcu.externaltools.gnu-tools-for-stm32.13.3.rel1.win32_1.0.0.202411081344/tools/bin/../lib/gcc/arm-none-eabi/13.3.1/../../../../arm-none-eabi/lib/thumb/v7-m/nofp\libm.a
END GROUP
START GROUP
LOAD C:/ST/STM32CubeIDE_1.19.0/STM32CubeIDE/plugins/com.st.stm32cube.ide.mcu.externaltools.gnu-tools-for-stm32.13.3.rel1.win32_1.0.0.202411081344/tools/bin/../lib/gcc/arm-none-eabi/13.3.1/thumb/v7-m/nofp\libgcc.a
LOAD C:/ST/STM32CubeIDE_1.19.0/STM32CubeIDE/plugins/com.st.stm32cube.ide.mcu.externaltools.gnu-tools-for-stm32.13.3.rel1.win32_1.0.0.202411081344/tools/bin/../lib/gcc/arm-none-eabi/13.3.1/../../../../arm-none-eabi/lib/thumb/v7-m/nofp\libc_nano.a
END GROUP
START GROUP
LOAD C:/ST/STM32CubeIDE_1.19.0/STM32CubeIDE/plugins/com.st.stm32cube.ide.mcu.externaltools.gnu-tools-for-stm32.13.3.rel1.win32_1.0.0.202411081344/tools/bin/../lib/gcc/arm-none-eabi/13.3.1/thumb/v7-m/nofp\libgcc.a
LOAD C:/ST/STM32CubeIDE_1.19.0/STM32CubeIDE/plugins/com.st.stm32cube.ide.mcu.externaltools.gnu-tools-for-stm32.13.3.rel1.win32_1.0.0.202411081344/tools/bin/../lib/gcc/arm-none-eabi/13.3.1/../../../../arm-none-eabi/lib/thumb/v7-m/nofp\libc_nano.a
LOAD C:/ST/STM32CubeIDE_1.19.0/STM32CubeIDE/plugins/com.st.stm32cube.ide.mcu.externaltools.gnu-tools-for-stm32.13.3.rel1.win32_1.0.0.202411081344/tools/bin/../lib/gcc/arm-none-eabi/13.3.1/../../../../arm-none-eabi/lib/thumb/v7-m/nofp\libnosys.a
END GROUP
START GROUP
LOAD C:/ST/STM32CubeIDE_1.19.0/STM32CubeIDE/plugins/com.st.stm32cube.ide.mcu.externaltools.gnu-tools-for-stm32.13.3.rel1.win32_1.0.0.202411081344/tools/bin/../lib/gcc/arm-none-eabi/13.3.1/thumb/v7-m/nofp\libgcc.a
LOAD C:/ST/STM32CubeIDE_1.19.0/STM32CubeIDE/plugins/com.st.stm32cube.ide.mcu.externaltools.gnu-tools-for-stm32.13.3.rel1.win32_1.0.0.202411081344/tools/bin/../lib/gcc/arm-none-eabi/13.3.1/../../../../arm-none-eabi/lib/thumb/v7-m/nofp\libc_nano.a
LOAD C:/ST/STM32CubeIDE_1.19.0/STM32CubeIDE/plugins/com.st.stm32cube.ide.mcu.externaltools.gnu-tools-for-stm32.13.3.rel1.win32_1.0.0.202411081344/tools/bin/../lib/gcc/arm-none-eabi/13.3.1/../../../../arm-none-eabi/lib/thumb/v7-m/nofp\libnosys.a
END GROUP
LOAD C:/ST/STM32CubeIDE_1.19.0/STM32CubeIDE/plugins/com.st.stm32cube.ide.mcu.externaltools.gnu-tools-for-stm32.13.3.rel1.win32_1.0.0.202411081344/tools/bin/../lib/gcc/arm-none-eabi/13.3.1/thumb/v7-m/nofp/crtend.o
LOAD C:/ST/STM32CubeIDE_1.19.0/STM32CubeIDE/plugins/com.st.stm32cube.ide.mcu.externaltools.gnu-tools-for-stm32.13.3.rel1.win32_1.0.0.202411081344/tools/bin/../lib/gcc/arm-none-eabi/13.3.1/thumb/v7-m/nofp/crtn.o
                0x20005000                        _estack = (ORIGIN (RAM) + LENGTH (RAM))
                0x00000200                        _Min_Heap_Size = 0x200
                0x00000400                        _Min_Stack_Size = 0x400

.isr_vector     0x08000000      0x10c
                0x08000000                        . = ALIGN (0x4)
 *(.isr_vector)
 .isr_vector    0x08000000      0x10c ./Core/Startup/startup_stm32f103c8tx.o
                0x08000000                g_pfnVectors
                0x0800010c                        . = ALIGN (0x4)

.text           0x0800010c     0x5f8c
                0x0800010c                        . = ALIGN (0x4)
 *(.text)
 .text          0x0800010c       0x40 C:/ST/STM32CubeIDE_1.19.0/STM32CubeIDE/plugins/com.st.stm32cube.ide.mcu.externaltools.gnu-tools-for-stm32.13.3.rel1.win32_1.0.0.202411081344/tools/bin/../lib/gcc/arm-none-eabi/13.3.1/thumb/v7-m/nofp/crtbegin.o
 .text          0x0800014c       0x10 C:/ST/STM32CubeIDE_1.19.0/STM32CubeIDE/plugins/com.st.stm32cube.ide.mcu.externaltools.gnu-tools-for-stm32.13.3.rel1.win32_1.0.0.202411081344/tools/bin/../lib/gcc/arm-none-eabi/13.3.1/../../../../arm-none-eabi/lib/thumb/v7-m/nofp\libc_nano.a(libc_a-strlen.o)
                0x0800014c                strlen
 .text          0x0800015c       0xa0 C:/ST/STM32CubeIDE_1.19.0/STM32CubeIDE/plugins/com.st.stm32cube.ide.mcu.externaltools.gnu-tools-for-stm32.13.3.rel1.win32_1.0.0.202411081344/tools/bin/../lib/gcc/arm-none-eabi/13.3.1/thumb/v7-m/nofp\libgcc.a(_aeabi_ldivmod.o)
                0x0800015c                __aeabi_ldivmod
 .text          0x080001fc      0x300 C:/ST/STM32CubeIDE_1.19.0/STM32CubeIDE/plugins/com.st.stm32cube.ide.mcu.externaltools.gnu-tools-for-stm32.13.3.rel1.win32_1.0.0.202411081344/tools/bin/../lib/gcc/arm-none-eabi/13.3.1/thumb/v7-m/nofp\libgcc.a(_udivmoddi4.o)
                0x080001fc                __udivmoddi4
 .text          0x080004fc        0x4 C:/ST/STM32CubeIDE_1.19.0/STM32CubeIDE/plugins/com.st.stm32cube.ide.mcu.externaltools.gnu-tools-for-stm32.13.3.rel1.win32_1.0.0.202411081344/tools/bin/../lib/gcc/arm-none-eabi/13.3.1/thumb/v7-m/nofp\libgcc.a(_dvmd_tls.o)
                0x080004fc                __aeabi_idiv0
                0x080004fc                __aeabi_ldiv0
 *(.text*)
 .text.SystemClock_Config
                0x08000500       0x84 ./Core/Src/main.o
                0x08000500                SystemClock_Config
 .text.startup.main
                0x08000584      0x2e4 ./Core/Src/main.o
                0x08000584                main
 .text.HAL_TIM_PeriodElapsedCallback
                0x08000868       0xb8 ./Core/Src/main.o
                0x08000868                HAL_TIM_PeriodElapsedCallback
 .text.Error_Handler
                0x08000920        0x4 ./Core/Src/main.o
                0x08000920                Error_Handler
 .text.HAL_MspInit
                0x08000924       0x44 ./Core/Src/stm32f1xx_hal_msp.o
                0x08000924                HAL_MspInit
 .text.HAL_ADC_MspInit
                0x08000968       0x6c ./Core/Src/stm32f1xx_hal_msp.o
                0x08000968                HAL_ADC_MspInit
 .text.HAL_I2C_MspInit
                0x080009d4       0x64 ./Core/Src/stm32f1xx_hal_msp.o
                0x080009d4                HAL_I2C_MspInit
 .text.HAL_PCD_MspInit
                0x08000a38       0x78 ./Core/Src/stm32f1xx_hal_msp.o
                0x08000a38                HAL_PCD_MspInit
 .text.HAL_TIM_Base_MspInit
                0x08000ab0       0x3c ./Core/Src/stm32f1xx_hal_msp.o
                0x08000ab0                HAL_TIM_Base_MspInit
 .text.NMI_Handler
                0x08000aec        0x4 ./Core/Src/stm32f1xx_it.o
                0x08000aec                NMI_Handler
 .text.HardFault_Handler
                0x08000af0        0x4 ./Core/Src/stm32f1xx_it.o
                0x08000af0                HardFault_Handler
 .text.MemManage_Handler
                0x08000af4        0x4 ./Core/Src/stm32f1xx_it.o
                0x08000af4                MemManage_Handler
 .text.BusFault_Handler
                0x08000af8        0x4 ./Core/Src/stm32f1xx_it.o
                0x08000af8                BusFault_Handler
 .text.UsageFault_Handler
                0x08000afc        0x4 ./Core/Src/stm32f1xx_it.o
                0x08000afc                UsageFault_Handler
 .text.SVC_Handler
                0x08000b00        0x4 ./Core/Src/stm32f1xx_it.o
                0x08000b00                SVC_Handler
 .text.DebugMon_Handler
                0x08000b04        0x4 ./Core/Src/stm32f1xx_it.o
                0x08000b04                DebugMon_Handler
 .text.PendSV_Handler
                0x08000b08        0x4 ./Core/Src/stm32f1xx_it.o
                0x08000b08                PendSV_Handler
 .text.SysTick_Handler
                0x08000b0c        0x4 ./Core/Src/stm32f1xx_it.o
                0x08000b0c                SysTick_Handler
 .text.USB_LP_CAN1_RX0_IRQHandler
                0x08000b10        0xc ./Core/Src/stm32f1xx_it.o
                0x08000b10                USB_LP_CAN1_RX0_IRQHandler
 .text.TIM2_IRQHandler
                0x08000b1c        0xc ./Core/Src/stm32f1xx_it.o
                0x08000b1c                TIM2_IRQHandler
 .text._sbrk    0x08000b28       0x48 ./Core/Src/sysmem.o
                0x08000b28                _sbrk
 .text.SystemInit
                0x08000b70        0x4 ./Core/Src/system_stm32f1xx.o
                0x08000b70                SystemInit
 .text.MX_USB_DEVICE_Init
                0x08000b74       0x74 ./Core/Src/usb_device.o
                0x08000b74                MX_USB_DEVICE_Init
 .text.USBD_CDC_EP0_RxReady
                0x08000be8       0x2c ./Core/Src/usbd_cdc.o
 .text.USBD_CDC_GetFSCfgDesc
                0x08000c14       0x10 ./Core/Src/usbd_cdc.o
 .text.USBD_CDC_GetHSCfgDesc
                0x08000c24       0x10 ./Core/Src/usbd_cdc.o
 .text.USBD_CDC_GetOtherSpeedCfgDesc
                0x08000c34       0x10 ./Core/Src/usbd_cdc.o
 .text.USBD_CDC_GetDeviceQualifierDescriptor
                0x08000c44       0x10 ./Core/Src/usbd_cdc.o
                0x08000c44                USBD_CDC_GetDeviceQualifierDescriptor
 .text.USBD_CDC_DataOut
                0x08000c54       0x30 ./Core/Src/usbd_cdc.o
 .text.USBD_CDC_DataIn
                0x08000c84       0x48 ./Core/Src/usbd_cdc.o
 .text.USBD_CDC_Setup
                0x08000ccc       0xb4 ./Core/Src/usbd_cdc.o
 .text.USBD_CDC_DeInit
                0x08000d80       0x44 ./Core/Src/usbd_cdc.o
 .text.USBD_CDC_Init
                0x08000dc4       0xa0 ./Core/Src/usbd_cdc.o
 .text.USBD_CDC_RegisterInterface
                0x08000e64       0x10 ./Core/Src/usbd_cdc.o
                0x08000e64                USBD_CDC_RegisterInterface
 .text.USBD_CDC_SetTxBuffer
                0x08000e74       0x14 ./Core/Src/usbd_cdc.o
                0x08000e74                USBD_CDC_SetTxBuffer
 .text.USBD_CDC_SetRxBuffer
                0x08000e88       0x10 ./Core/Src/usbd_cdc.o
                0x08000e88                USBD_CDC_SetRxBuffer
 .text.USBD_CDC_TransmitPacket
                0x08000e98       0x34 ./Core/Src/usbd_cdc.o
                0x08000e98                USBD_CDC_TransmitPacket
 .text.USBD_CDC_ReceivePacket
                0x08000ecc       0x30 ./Core/Src/usbd_cdc.o
                0x08000ecc                USBD_CDC_ReceivePacket
 .text.CDC_DeInit_FS
                0x08000efc        0x4 ./Core/Src/usbd_cdc_if.o
 .text.CDC_Control_FS
                0x08000f00        0x4 ./Core/Src/usbd_cdc_if.o
 .text.CDC_Receive_FS
                0x08000f04       0x1c ./Core/Src/usbd_cdc_if.o
 .text.CDC_Init_FS
                0x08000f20       0x28 ./Core/Src/usbd_cdc_if.o
 .text.CDC_Transmit_FS
                0x08000f48       0x34 ./Core/Src/usbd_cdc_if.o
                0x08000f48                CDC_Transmit_FS
 .text.HAL_PCD_SetupStageCallback
                0x08000f7c       0x10 ./Core/Src/usbd_conf.o
                0x08000f7c                HAL_PCD_SetupStageCallback
 .text.HAL_PCD_DataOutStageCallback
                0x08000f8c       0x14 ./Core/Src/usbd_conf.o
                0x08000f8c                HAL_PCD_DataOutStageCallback
 .text.HAL_PCD_DataInStageCallback
                0x08000fa0       0x14 ./Core/Src/usbd_conf.o
                0x08000fa0                HAL_PCD_DataInStageCallback
 .text.HAL_PCD_SOFCallback
                0x08000fb4        0x8 ./Core/Src/usbd_conf.o
                0x08000fb4                HAL_PCD_SOFCallback
 .text.HAL_PCD_ResetCallback
                0x08000fbc       0x1c ./Core/Src/usbd_conf.o
                0x08000fbc                HAL_PCD_ResetCallback
 .text.HAL_PCD_SuspendCallback
                0x08000fd8        0x8 ./Core/Src/usbd_conf.o
                0x08000fd8                HAL_PCD_SuspendCallback
 .text.HAL_PCD_ResumeCallback
                0x08000fe0        0x8 ./Core/Src/usbd_conf.o
                0x08000fe0                HAL_PCD_ResumeCallback
 .text.USBD_LL_Init
                0x08000fe8       0x80 ./Core/Src/usbd_conf.o
                0x08000fe8                USBD_LL_Init
 .text.USBD_LL_Start
                0x08001068       0x18 ./Core/Src/usbd_conf.o
                0x08001068                USBD_LL_Start
 .text.USBD_LL_OpenEP
                0x08001080       0x1c ./Core/Src/usbd_conf.o
                0x08001080                USBD_LL_OpenEP
 .text.USBD_LL_CloseEP
                0x0800109c       0x18 ./Core/Src/usbd_conf.o
                0x0800109c                USBD_LL_CloseEP
 .text.USBD_LL_StallEP
                0x080010b4       0x18 ./Core/Src/usbd_conf.o
                0x080010b4                USBD_LL_StallEP
 .text.USBD_LL_ClearStallEP
                0x080010cc       0x18 ./Core/Src/usbd_conf.o
                0x080010cc                USBD_LL_ClearStallEP
 .text.USBD_LL_IsStallEP
                0x080010e4       0x28 ./Core/Src/usbd_conf.o
                0x080010e4                USBD_LL_IsStallEP
 .text.USBD_LL_SetUSBAddress
                0x0800110c       0x18 ./Core/Src/usbd_conf.o
                0x0800110c                USBD_LL_SetUSBAddress
 .text.USBD_LL_Transmit
                0x08001124       0x18 ./Core/Src/usbd_conf.o
                0x08001124                USBD_LL_Transmit
 .text.USBD_LL_PrepareReceive
                0x0800113c       0x18 ./Core/Src/usbd_conf.o
                0x0800113c                USBD_LL_PrepareReceive
 .text.USBD_LL_GetRxDataSize
                0x08001154        0x8 ./Core/Src/usbd_conf.o
                0x08001154                USBD_LL_GetRxDataSize
 .text.USBD_static_malloc
                0x0800115c        0x8 ./Core/Src/usbd_conf.o
                0x0800115c                USBD_static_malloc
 .text.USBD_static_free
                0x08001164        0x4 ./Core/Src/usbd_conf.o
                0x08001164                USBD_static_free
 .text.HAL_PCDEx_SetConnectionState
                0x08001168       0x1c ./Core/Src/usbd_conf.o
                0x08001168                HAL_PCDEx_SetConnectionState
 .text.USBD_Init
                0x08001184       0x2c ./Core/Src/usbd_core.o
                0x08001184                USBD_Init
 .text.USBD_RegisterClass
                0x080011b0       0x10 ./Core/Src/usbd_core.o
                0x080011b0                USBD_RegisterClass
 .text.USBD_Start
                0x080011c0        0xc ./Core/Src/usbd_core.o
                0x080011c0                USBD_Start
 .text.USBD_SetClassConfig
                0x080011cc       0x1c ./Core/Src/usbd_core.o
                0x080011cc                USBD_SetClassConfig
 .text.USBD_ClrClassConfig
                0x080011e8       0x10 ./Core/Src/usbd_core.o
                0x080011e8                USBD_ClrClassConfig
 .text.USBD_LL_SetupStage
                0x080011f8       0x60 ./Core/Src/usbd_core.o
                0x080011f8                USBD_LL_SetupStage
 .text.USBD_LL_DataOutStage
                0x08001258       0x74 ./Core/Src/usbd_core.o
                0x08001258                USBD_LL_DataOutStage
 .text.USBD_LL_DataInStage
                0x080012cc       0xc0 ./Core/Src/usbd_core.o
                0x080012cc                USBD_LL_DataInStage
 .text.USBD_LL_Reset
                0x0800138c       0x50 ./Core/Src/usbd_core.o
                0x0800138c                USBD_LL_Reset
 .text.USBD_LL_SetSpeed
                0x080013dc        0x8 ./Core/Src/usbd_core.o
                0x080013dc                USBD_LL_SetSpeed
 .text.USBD_LL_Suspend
                0x080013e4       0x14 ./Core/Src/usbd_core.o
                0x080013e4                USBD_LL_Suspend
 .text.USBD_LL_Resume
                0x080013f8       0x14 ./Core/Src/usbd_core.o
                0x080013f8                USBD_LL_Resume
 .text.USBD_LL_SOF
                0x0800140c       0x1c ./Core/Src/usbd_core.o
                0x0800140c                USBD_LL_SOF
 .text.USBD_StdDevReq
                0x08001428      0x2e4 ./Core/Src/usbd_ctlreq.o
                0x08001428                USBD_StdDevReq
 .text.USBD_StdItfReq
                0x0800170c       0x68 ./Core/Src/usbd_ctlreq.o
                0x0800170c                USBD_StdItfReq
 .text.USBD_StdEPReq
                0x08001774      0x134 ./Core/Src/usbd_ctlreq.o
                0x08001774                USBD_StdEPReq
 .text.USBD_ParseSetupRequest
                0x080018a8       0x18 ./Core/Src/usbd_ctlreq.o
                0x080018a8                USBD_ParseSetupRequest
 .text.USBD_CtlError
                0x080018c0       0x18 ./Core/Src/usbd_ctlreq.o
                0x080018c0                USBD_CtlError
 .text.USBD_GetString
                0x080018d8       0x50 ./Core/Src/usbd_ctlreq.o
                0x080018d8                USBD_GetString
 .text.USBD_FS_DeviceDescriptor
                0x08001928        0xc ./Core/Src/usbd_desc.o
 .text.USBD_FS_LangIDStrDescriptor
                0x08001934        0xc ./Core/Src/usbd_desc.o
 .text.USBD_FS_SerialStrDescriptor
                0x08001940      0x158 ./Core/Src/usbd_desc.o
 .text.USBD_FS_InterfaceStrDescriptor
                0x08001a98       0x1c ./Core/Src/usbd_desc.o
 .text.USBD_FS_ConfigStrDescriptor
                0x08001ab4       0x1c ./Core/Src/usbd_desc.o
 .text.USBD_FS_ProductStrDescriptor
                0x08001ad0       0x1c ./Core/Src/usbd_desc.o
 .text.USBD_FS_ManufacturerStrDescriptor
                0x08001aec       0x1c ./Core/Src/usbd_desc.o
 .text.USBD_CtlSendData
                0x08001b08       0x1c ./Core/Src/usbd_ioreq.o
                0x08001b08                USBD_CtlSendData
 .text.USBD_CtlContinueSendData
                0x08001b24       0x14 ./Core/Src/usbd_ioreq.o
                0x08001b24                USBD_CtlContinueSendData
 .text.USBD_CtlPrepareRx
                0x08001b38       0x1c ./Core/Src/usbd_ioreq.o
                0x08001b38                USBD_CtlPrepareRx
 .text.USBD_CtlContinueRx
                0x08001b54       0x14 ./Core/Src/usbd_ioreq.o
                0x08001b54                USBD_CtlContinueRx
 .text.USBD_CtlSendStatus
                0x08001b68       0x18 ./Core/Src/usbd_ioreq.o
                0x08001b68                USBD_CtlSendStatus
 .text.USBD_CtlReceiveStatus
                0x08001b80       0x18 ./Core/Src/usbd_ioreq.o
                0x08001b80                USBD_CtlReceiveStatus
 .text.Reset_Handler
                0x08001b98       0x48 ./Core/Startup/startup_stm32f103c8tx.o
                0x08001b98                Reset_Handler
 .text.Default_Handler
                0x08001be0        0x2 ./Core/Startup/startup_stm32f103c8tx.o
                0x08001be0                RTC_Alarm_IRQHandler
                0x08001be0                EXTI2_IRQHandler
                0x08001be0                TIM1_CC_IRQHandler
                0x08001be0                PVD_IRQHandler
                0x08001be0                EXTI3_IRQHandler
                0x08001be0                EXTI0_IRQHandler
                0x08001be0                I2C2_EV_IRQHandler
                0x08001be0                ADC1_2_IRQHandler
                0x08001be0                SPI1_IRQHandler
                0x08001be0                TAMPER_IRQHandler
                0x08001be0                DMA1_Channel4_IRQHandler
                0x08001be0                USART3_IRQHandler
                0x08001be0                RTC_IRQHandler
                0x08001be0                DMA1_Channel7_IRQHandler
                0x08001be0                CAN1_RX1_IRQHandler
                0x08001be0                TIM4_IRQHandler
                0x08001be0                I2C1_EV_IRQHandler
                0x08001be0                DMA1_Channel6_IRQHandler
                0x08001be0                TIM3_IRQHandler
                0x08001be0                RCC_IRQHandler
                0x08001be0                TIM1_TRG_COM_IRQHandler
                0x08001be0                DMA1_Channel1_IRQHandler
                0x08001be0                Default_Handler
                0x08001be0                EXTI15_10_IRQHandler
                0x08001be0                EXTI9_5_IRQHandler
                0x08001be0                SPI2_IRQHandler
                0x08001be0                DMA1_Channel5_IRQHandler
                0x08001be0                EXTI4_IRQHandler
                0x08001be0                USB_HP_CAN1_TX_IRQHandler
                0x08001be0                DMA1_Channel3_IRQHandler
                0x08001be0                TIM1_UP_IRQHandler
                0x08001be0                WWDG_IRQHandler
                0x08001be0                TIM1_BRK_IRQHandler
                0x08001be0                EXTI1_IRQHandler
                0x08001be0                USART2_IRQHandler
                0x08001be0                I2C2_ER_IRQHandler
                0x08001be0                DMA1_Channel2_IRQHandler
                0x08001be0                CAN1_SCE_IRQHandler
                0x08001be0                FLASH_IRQHandler
                0x08001be0                USART1_IRQHandler
                0x08001be0                I2C1_ER_IRQHandler
                0x08001be0                USBWakeUp_IRQHandler
 *fill*         0x08001be2        0x2 
 .text.HAL_InitTick
                0x08001be4       0x48 ./Drivers/STM32F1xx_HAL_Driver/Src/stm32f1xx_hal.o
                0x08001be4                HAL_InitTick
 .text.HAL_Init
                0x08001c2c       0x24 ./Drivers/STM32F1xx_HAL_Driver/Src/stm32f1xx_hal.o
                0x08001c2c                HAL_Init
 .text.HAL_IncTick
                0x08001c50       0x18 ./Drivers/STM32F1xx_HAL_Driver/Src/stm32f1xx_hal.o
                0x08001c50                HAL_IncTick
 .text.HAL_GetTick
                0x08001c68        0xc ./Drivers/STM32F1xx_HAL_Driver/Src/stm32f1xx_hal.o
                0x08001c68                HAL_GetTick
 .text.HAL_Delay
                0x08001c74       0x24 ./Drivers/STM32F1xx_HAL_Driver/Src/stm32f1xx_hal.o
                0x08001c74                HAL_Delay
 .text.HAL_ADC_Init
                0x08001c98      0x17c ./Drivers/STM32F1xx_HAL_Driver/Src/stm32f1xx_hal_adc.o
                0x08001c98                HAL_ADC_Init
 .text.HAL_ADC_Stop
                0x08001e14       0x74 ./Drivers/STM32F1xx_HAL_Driver/Src/stm32f1xx_hal_adc.o
                0x08001e14                HAL_ADC_Stop
 .text.HAL_ADC_PollForConversion
                0x08001e88      0x190 ./Drivers/STM32F1xx_HAL_Driver/Src/stm32f1xx_hal_adc.o
                0x08001e88                HAL_ADC_PollForConversion
 .text.HAL_ADC_GetValue
                0x08002018        0x8 ./Drivers/STM32F1xx_HAL_Driver/Src/stm32f1xx_hal_adc.o
                0x08002018                HAL_ADC_GetValue
 .text.HAL_ADC_ConfigChannel
                0x08002020      0x12c ./Drivers/STM32F1xx_HAL_Driver/Src/stm32f1xx_hal_adc.o
                0x08002020                HAL_ADC_ConfigChannel
 .text.ADC_Enable
                0x0800214c       0x88 ./Drivers/STM32F1xx_HAL_Driver/Src/stm32f1xx_hal_adc.o
                0x0800214c                ADC_Enable
 .text.HAL_ADC_Start
                0x080021d4       0xcc ./Drivers/STM32F1xx_HAL_Driver/Src/stm32f1xx_hal_adc.o
                0x080021d4                HAL_ADC_Start
 .text.ADC_ConversionStop_Disable
                0x080022a0       0x4c ./Drivers/STM32F1xx_HAL_Driver/Src/stm32f1xx_hal_adc.o
                0x080022a0                ADC_ConversionStop_Disable
 .text.HAL_ADCEx_Calibration_Start
                0x080022ec       0xf0 ./Drivers/STM32F1xx_HAL_Driver/Src/stm32f1xx_hal_adc_ex.o
                0x080022ec                HAL_ADCEx_Calibration_Start
 .text.HAL_NVIC_SetPriorityGrouping
                0x080023dc       0x24 ./Drivers/STM32F1xx_HAL_Driver/Src/stm32f1xx_hal_cortex.o
                0x080023dc                HAL_NVIC_SetPriorityGrouping
 .text.HAL_NVIC_SetPriority
                0x08002400       0x78 ./Drivers/STM32F1xx_HAL_Driver/Src/stm32f1xx_hal_cortex.o
                0x08002400                HAL_NVIC_SetPriority
 .text.HAL_NVIC_EnableIRQ
                0x08002478       0x1c ./Drivers/STM32F1xx_HAL_Driver/Src/stm32f1xx_hal_cortex.o
                0x08002478                HAL_NVIC_EnableIRQ
 .text.HAL_SYSTICK_Config
                0x08002494       0x30 ./Drivers/STM32F1xx_HAL_Driver/Src/stm32f1xx_hal_cortex.o
                0x08002494                HAL_SYSTICK_Config
 .text.HAL_GPIO_Init
                0x080024c4      0x40c ./Drivers/STM32F1xx_HAL_Driver/Src/stm32f1xx_hal_gpio.o
                0x080024c4                HAL_GPIO_Init
 .text.HAL_GPIO_WritePin
                0x080028d0        0x8 ./Drivers/STM32F1xx_HAL_Driver/Src/stm32f1xx_hal_gpio.o
                0x080028d0                HAL_GPIO_WritePin
 .text.I2C_WaitOnMasterAddressFlagUntilTimeout.constprop.0
                0x080028d8       0x94 ./Drivers/STM32F1xx_HAL_Driver/Src/stm32f1xx_hal_i2c.o
 .text.I2C_RequestMemoryRead
                0x0800296c      0x24c ./Drivers/STM32F1xx_HAL_Driver/Src/stm32f1xx_hal_i2c.o
 .text.HAL_I2C_Init
                0x08002bb8      0x18c ./Drivers/STM32F1xx_HAL_Driver/Src/stm32f1xx_hal_i2c.o
                0x08002bb8                HAL_I2C_Init
 .text.HAL_I2C_Mem_Read
                0x08002d44      0x3bc ./Drivers/STM32F1xx_HAL_Driver/Src/stm32f1xx_hal_i2c.o
                0x08002d44                HAL_I2C_Mem_Read
 .text.HAL_PCD_Init
                0x08003100      0x1f0 ./Drivers/STM32F1xx_HAL_Driver/Src/stm32f1xx_hal_pcd.o
                0x08003100                HAL_PCD_Init
 .text.HAL_PCD_Start
                0x080032f0       0x34 ./Drivers/STM32F1xx_HAL_Driver/Src/stm32f1xx_hal_pcd.o
                0x080032f0                HAL_PCD_Start
 .text.HAL_PCD_IRQHandler
                0x08003324      0xb3c ./Drivers/STM32F1xx_HAL_Driver/Src/stm32f1xx_hal_pcd.o
                0x08003324                HAL_PCD_IRQHandler
 .text.HAL_PCD_SetAddress
                0x08003e60       0x28 ./Drivers/STM32F1xx_HAL_Driver/Src/stm32f1xx_hal_pcd.o
                0x08003e60                HAL_PCD_SetAddress
 .text.HAL_PCD_EP_Open
                0x08003e88       0x6c ./Drivers/STM32F1xx_HAL_Driver/Src/stm32f1xx_hal_pcd.o
                0x08003e88                HAL_PCD_EP_Open
 .text.HAL_PCD_EP_Close
                0x08003ef4       0x5c ./Drivers/STM32F1xx_HAL_Driver/Src/stm32f1xx_hal_pcd.o
                0x08003ef4                HAL_PCD_EP_Close
 .text.HAL_PCD_EP_Receive
                0x08003f50       0x30 ./Drivers/STM32F1xx_HAL_Driver/Src/stm32f1xx_hal_pcd.o
                0x08003f50                HAL_PCD_EP_Receive
 .text.HAL_PCD_EP_GetRxCount
                0x08003f80       0x14 ./Drivers/STM32F1xx_HAL_Driver/Src/stm32f1xx_hal_pcd.o
                0x08003f80                HAL_PCD_EP_GetRxCount
 .text.HAL_PCD_EP_Transmit
                0x08003f94       0x3c ./Drivers/STM32F1xx_HAL_Driver/Src/stm32f1xx_hal_pcd.o
                0x08003f94                HAL_PCD_EP_Transmit
 .text.HAL_PCD_EP_SetStall
                0x08003fd0       0x80 ./Drivers/STM32F1xx_HAL_Driver/Src/stm32f1xx_hal_pcd.o
                0x08003fd0                HAL_PCD_EP_SetStall
 .text.HAL_PCD_EP_ClrStall
                0x08004050       0x70 ./Drivers/STM32F1xx_HAL_Driver/Src/stm32f1xx_hal_pcd.o
                0x08004050                HAL_PCD_EP_ClrStall
 .text.HAL_PCDEx_PMAConfig
                0x080040c0       0x3c ./Drivers/STM32F1xx_HAL_Driver/Src/stm32f1xx_hal_pcd_ex.o
                0x080040c0                HAL_PCDEx_PMAConfig
 .text.HAL_RCC_OscConfig
                0x080040fc      0x3dc ./Drivers/STM32F1xx_HAL_Driver/Src/stm32f1xx_hal_rcc.o
                0x080040fc                HAL_RCC_OscConfig
 .text.HAL_RCC_ClockConfig
                0x080044d8      0x184 ./Drivers/STM32F1xx_HAL_Driver/Src/stm32f1xx_hal_rcc.o
                0x080044d8                HAL_RCC_ClockConfig
 .text.HAL_RCC_GetPCLK1Freq
                0x0800465c       0x20 ./Drivers/STM32F1xx_HAL_Driver/Src/stm32f1xx_hal_rcc.o
                0x0800465c                HAL_RCC_GetPCLK1Freq
 .text.HAL_RCC_GetPCLK2Freq
                0x0800467c       0x20 ./Drivers/STM32F1xx_HAL_Driver/Src/stm32f1xx_hal_rcc.o
                0x0800467c                HAL_RCC_GetPCLK2Freq
 .text.HAL_RCCEx_PeriphCLKConfig
                0x0800469c      0x100 ./Drivers/STM32F1xx_HAL_Driver/Src/stm32f1xx_hal_rcc_ex.o
                0x0800469c                HAL_RCCEx_PeriphCLKConfig
 .text.HAL_RCCEx_GetPeriphCLKFreq
                0x0800479c       0xd0 ./Drivers/STM32F1xx_HAL_Driver/Src/stm32f1xx_hal_rcc_ex.o
                0x0800479c                HAL_RCCEx_GetPeriphCLKFreq
 .text.HAL_TIM_Base_Init
                0x0800486c       0xdc ./Drivers/STM32F1xx_HAL_Driver/Src/stm32f1xx_hal_tim.o
                0x0800486c                HAL_TIM_Base_Init
 .text.HAL_TIM_Base_Start_IT
                0x08004948       0x54 ./Drivers/STM32F1xx_HAL_Driver/Src/stm32f1xx_hal_tim.o
                0x08004948                HAL_TIM_Base_Start_IT
 .text.HAL_TIM_OC_DelayElapsedCallback
                0x0800499c        0x4 ./Drivers/STM32F1xx_HAL_Driver/Src/stm32f1xx_hal_tim.o
                0x0800499c                HAL_TIM_OC_DelayElapsedCallback
 .text.HAL_TIM_IC_CaptureCallback
                0x080049a0        0x4 ./Drivers/STM32F1xx_HAL_Driver/Src/stm32f1xx_hal_tim.o
                0x080049a0                HAL_TIM_IC_CaptureCallback
 .text.HAL_TIM_PWM_PulseFinishedCallback
                0x080049a4        0x4 ./Drivers/STM32F1xx_HAL_Driver/Src/stm32f1xx_hal_tim.o
                0x080049a4                HAL_TIM_PWM_PulseFinishedCallback
 .text.HAL_TIM_TriggerCallback
                0x080049a8        0x4 ./Drivers/STM32F1xx_HAL_Driver/Src/stm32f1xx_hal_tim.o
                0x080049a8                HAL_TIM_TriggerCallback
 .text.HAL_TIM_IRQHandler
                0x080049ac      0x138 ./Drivers/STM32F1xx_HAL_Driver/Src/stm32f1xx_hal_tim.o
                0x080049ac                HAL_TIM_IRQHandler
 .text.HAL_TIMEx_CommutCallback
                0x08004ae4        0x4 ./Drivers/STM32F1xx_HAL_Driver/Src/stm32f1xx_hal_tim_ex.o
                0x08004ae4                HAL_TIMEx_CommutCallback
 .text.HAL_TIMEx_BreakCallback
                0x08004ae8        0x4 ./Drivers/STM32F1xx_HAL_Driver/Src/stm32f1xx_hal_tim_ex.o
                0x08004ae8                HAL_TIMEx_BreakCallback
 .text.USB_CoreInit
                0x08004aec       0x10 ./Drivers/STM32F1xx_HAL_Driver/Src/stm32f1xx_ll_usb.o
                0x08004aec                USB_CoreInit
 .text.USB_EnableGlobalInt
                0x08004afc       0x14 ./Drivers/STM32F1xx_HAL_Driver/Src/stm32f1xx_ll_usb.o
                0x08004afc                USB_EnableGlobalInt
 .text.USB_DisableGlobalInt
                0x08004b10       0x14 ./Drivers/STM32F1xx_HAL_Driver/Src/stm32f1xx_ll_usb.o
                0x08004b10                USB_DisableGlobalInt
 .text.USB_SetCurrentMode
                0x08004b24        0x4 ./Drivers/STM32F1xx_HAL_Driver/Src/stm32f1xx_ll_usb.o
                0x08004b24                USB_SetCurrentMode
 .text.USB_DevInit
                0x08004b28       0x2c ./Drivers/STM32F1xx_HAL_Driver/Src/stm32f1xx_ll_usb.o
                0x08004b28                USB_DevInit
 .text.USB_ActivateEndpoint
                0x08004b54      0x390 ./Drivers/STM32F1xx_HAL_Driver/Src/stm32f1xx_ll_usb.o
                0x08004b54                USB_ActivateEndpoint
 .text.USB_DeactivateEndpoint
                0x08004ee4      0x1c4 ./Drivers/STM32F1xx_HAL_Driver/Src/stm32f1xx_ll_usb.o
                0x08004ee4                USB_DeactivateEndpoint
 .text.USB_EPStartXfer
                0x080050a8      0x4ec ./Drivers/STM32F1xx_HAL_Driver/Src/stm32f1xx_ll_usb.o
                0x080050a8                USB_EPStartXfer
 .text.USB_EPSetStall
                0x08005594       0x50 ./Drivers/STM32F1xx_HAL_Driver/Src/stm32f1xx_ll_usb.o
                0x08005594                USB_EPSetStall
 .text.USB_EPClearStall
                0x080055e4       0xa0 ./Drivers/STM32F1xx_HAL_Driver/Src/stm32f1xx_ll_usb.o
                0x080055e4                USB_EPClearStall
 .text.USB_SetDevAddress
                0x08005684        0xc ./Drivers/STM32F1xx_HAL_Driver/Src/stm32f1xx_ll_usb.o
                0x08005684                USB_SetDevAddress
 .text.USB_DevConnect
                0x08005690        0x4 ./Drivers/STM32F1xx_HAL_Driver/Src/stm32f1xx_ll_usb.o
                0x08005690                USB_DevConnect
 .text.USB_DevDisconnect
                0x08005694        0x4 ./Drivers/STM32F1xx_HAL_Driver/Src/stm32f1xx_ll_usb.o
                0x08005694                USB_DevDisconnect
 .text.USB_ReadInterrupts
                0x08005698        0x8 ./Drivers/STM32F1xx_HAL_Driver/Src/stm32f1xx_ll_usb.o
                0x08005698                USB_ReadInterrupts
 .text.USB_EP0_OutStart
                0x080056a0        0x4 ./Drivers/STM32F1xx_HAL_Driver/Src/stm32f1xx_ll_usb.o
                0x080056a0                USB_EP0_OutStart
 .text.USB_WritePMA
                0x080056a4       0x20 ./Drivers/STM32F1xx_HAL_Driver/Src/stm32f1xx_ll_usb.o
                0x080056a4                USB_WritePMA
 .text.USB_ReadPMA
                0x080056c4       0x44 ./Drivers/STM32F1xx_HAL_Driver/Src/stm32f1xx_ll_usb.o
                0x080056c4                USB_ReadPMA
 .text.snprintf
                0x08005708       0x6c C:/ST/STM32CubeIDE_1.19.0/STM32CubeIDE/plugins/com.st.stm32cube.ide.mcu.externaltools.gnu-tools-for-stm32.13.3.rel1.win32_1.0.0.202411081344/tools/bin/../lib/gcc/arm-none-eabi/13.3.1/../../../../arm-none-eabi/lib/thumb/v7-m/nofp\libc_nano.a(libc_a-snprintf.o)
                0x08005708                sniprintf
                0x08005708                snprintf
 .text.__errno  0x08005774        0xc C:/ST/STM32CubeIDE_1.19.0/STM32CubeIDE/plugins/com.st.stm32cube.ide.mcu.externaltools.gnu-tools-for-stm32.13.3.rel1.win32_1.0.0.202411081344/tools/bin/../lib/gcc/arm-none-eabi/13.3.1/../../../../arm-none-eabi/lib/thumb/v7-m/nofp\libc_nano.a(libc_a-errno.o)
                0x08005774                __errno
 .text.__libc_init_array
                0x08005780       0x48 C:/ST/STM32CubeIDE_1.19.0/STM32CubeIDE/plugins/com.st.stm32cube.ide.mcu.externaltools.gnu-tools-for-stm32.13.3.rel1.win32_1.0.0.202411081344/tools/bin/../lib/gcc/arm-none-eabi/13.3.1/../../../../arm-none-eabi/lib/thumb/v7-m/nofp\libc_nano.a(libc_a-init.o)
                0x08005780                __libc_init_array
 .text.__retarget_lock_acquire_recursive
                0x080057c8        0x2 C:/ST/STM32CubeIDE_1.19.0/STM32CubeIDE/plugins/com.st.stm32cube.ide.mcu.externaltools.gnu-tools-for-stm32.13.3.rel1.win32_1.0.0.202411081344/tools/bin/../lib/gcc/arm-none-eabi/13.3.1/../../../../arm-none-eabi/lib/thumb/v7-m/nofp\libc_nano.a(libc_a-lock.o)
                0x080057c8                __retarget_lock_acquire_recursive
 .text.__retarget_lock_release_recursive
                0x080057ca        0x2 C:/ST/STM32CubeIDE_1.19.0/STM32CubeIDE/plugins/com.st.stm32cube.ide.mcu.externaltools.gnu-tools-for-stm32.13.3.rel1.win32_1.0.0.202411081344/tools/bin/../lib/gcc/arm-none-eabi/13.3.1/../../../../arm-none-eabi/lib/thumb/v7-m/nofp\libc_nano.a(libc_a-lock.o)
                0x080057ca                __retarget_lock_release_recursive
 .text._free_r  0x080057cc       0x90 C:/ST/STM32CubeIDE_1.19.0/STM32CubeIDE/plugins/com.st.stm32cube.ide.mcu.externaltools.gnu-tools-for-stm32.13.3.rel1.win32_1.0.0.202411081344/tools/bin/../lib/gcc/arm-none-eabi/13.3.1/../../../../arm-none-eabi/lib/thumb/v7-m/nofp\libc_nano.a(libc_a-freer.o)
                0x080057cc                _free_r
 .text.sbrk_aligned
                0x0800585c       0x44 C:/ST/STM32CubeIDE_1.19.0/STM32CubeIDE/plugins/com.st.stm32cube.ide.mcu.externaltools.gnu-tools-for-stm32.13.3.rel1.win32_1.0.0.202411081344/tools/bin/../lib/gcc/arm-none-eabi/13.3.1/../../../../arm-none-eabi/lib/thumb/v7-m/nofp\libc_nano.a(libc_a-mallocr.o)
 .text._malloc_r
                0x080058a0      0x100 C:/ST/STM32CubeIDE_1.19.0/STM32CubeIDE/plugins/com.st.stm32cube.ide.mcu.externaltools.gnu-tools-for-stm32.13.3.rel1.win32_1.0.0.202411081344/tools/bin/../lib/gcc/arm-none-eabi/13.3.1/../../../../arm-none-eabi/lib/thumb/v7-m/nofp\libc_nano.a(libc_a-mallocr.o)
                0x080058a0                _malloc_r
 .text.__malloc_lock
                0x080059a0        0xc C:/ST/STM32CubeIDE_1.19.0/STM32CubeIDE/plugins/com.st.stm32cube.ide.mcu.externaltools.gnu-tools-for-stm32.13.3.rel1.win32_1.0.0.202411081344/tools/bin/../lib/gcc/arm-none-eabi/13.3.1/../../../../arm-none-eabi/lib/thumb/v7-m/nofp\libc_nano.a(libc_a-mlock.o)
                0x080059a0                __malloc_lock
 .text.__malloc_unlock
                0x080059ac        0xc C:/ST/STM32CubeIDE_1.19.0/STM32CubeIDE/plugins/com.st.stm32cube.ide.mcu.externaltools.gnu-tools-for-stm32.13.3.rel1.win32_1.0.0.202411081344/tools/bin/../lib/gcc/arm-none-eabi/13.3.1/../../../../arm-none-eabi/lib/thumb/v7-m/nofp\libc_nano.a(libc_a-mlock.o)
                0x080059ac                __malloc_unlock
 .text.__ssputs_r
                0x080059b8       0xb6 C:/ST/STM32CubeIDE_1.19.0/STM32CubeIDE/plugins/com.st.stm32cube.ide.mcu.externaltools.gnu-tools-for-stm32.13.3.rel1.win32_1.0.0.202411081344/tools/bin/../lib/gcc/arm-none-eabi/13.3.1/../../../../arm-none-eabi/lib/thumb/v7-m/nofp\libc_nano.a(libc_a-nano-svfprintf.o)
                0x080059b8                __ssputs_r
 *fill*         0x08005a6e        0x2 
 .text._svfprintf_r
                0x08005a70      0x1f8 C:/ST/STM32CubeIDE_1.19.0/STM32CubeIDE/plugins/com.st.stm32cube.ide.mcu.externaltools.gnu-tools-for-stm32.13.3.rel1.win32_1.0.0.202411081344/tools/bin/../lib/gcc/arm-none-eabi/13.3.1/../../../../arm-none-eabi/lib/thumb/v7-m/nofp\libc_nano.a(libc_a-nano-svfprintf.o)
                0x08005a70                _svfiprintf_r
                0x08005a70                _svfprintf_r
 .text._printf_common
                0x08005c68       0xe4 C:/ST/STM32CubeIDE_1.19.0/STM32CubeIDE/plugins/com.st.stm32cube.ide.mcu.externaltools.gnu-tools-for-stm32.13.3.rel1.win32_1.0.0.202411081344/tools/bin/../lib/gcc/arm-none-eabi/13.3.1/../../../../arm-none-eabi/lib/thumb/v7-m/nofp\libc_nano.a(libc_a-nano-vfprintf_i.o)
                0x08005c68                _printf_common
 .text._printf_i
                0x08005d4c      0x23c C:/ST/STM32CubeIDE_1.19.0/STM32CubeIDE/plugins/com.st.stm32cube.ide.mcu.externaltools.gnu-tools-for-stm32.13.3.rel1.win32_1.0.0.202411081344/tools/bin/../lib/gcc/arm-none-eabi/13.3.1/../../../../arm-none-eabi/lib/thumb/v7-m/nofp\libc_nano.a(libc_a-nano-vfprintf_i.o)
                0x08005d4c                _printf_i
 .text.memmove  0x08005f88       0x34 C:/ST/STM32CubeIDE_1.19.0/STM32CubeIDE/plugins/com.st.stm32cube.ide.mcu.externaltools.gnu-tools-for-stm32.13.3.rel1.win32_1.0.0.202411081344/tools/bin/../lib/gcc/arm-none-eabi/13.3.1/../../../../arm-none-eabi/lib/thumb/v7-m/nofp\libc_nano.a(libc_a-memmove.o)
                0x08005f88                memmove
 .text._sbrk_r  0x08005fbc       0x20 C:/ST/STM32CubeIDE_1.19.0/STM32CubeIDE/plugins/com.st.stm32cube.ide.mcu.externaltools.gnu-tools-for-stm32.13.3.rel1.win32_1.0.0.202411081344/tools/bin/../lib/gcc/arm-none-eabi/13.3.1/../../../../arm-none-eabi/lib/thumb/v7-m/nofp\libc_nano.a(libc_a-sbrkr.o)
                0x08005fbc                _sbrk_r
 .text.memchr   0x08005fdc       0x1c C:/ST/STM32CubeIDE_1.19.0/STM32CubeIDE/plugins/com.st.stm32cube.ide.mcu.externaltools.gnu-tools-for-stm32.13.3.rel1.win32_1.0.0.202411081344/tools/bin/../lib/gcc/arm-none-eabi/13.3.1/../../../../arm-none-eabi/lib/thumb/v7-m/nofp\libc_nano.a(libc_a-memchr-stub.o)
                0x08005fdc                memchr
 .text.memcpy   0x08005ff8       0x1c C:/ST/STM32CubeIDE_1.19.0/STM32CubeIDE/plugins/com.st.stm32cube.ide.mcu.externaltools.gnu-tools-for-stm32.13.3.rel1.win32_1.0.0.202411081344/tools/bin/../lib/gcc/arm-none-eabi/13.3.1/../../../../arm-none-eabi/lib/thumb/v7-m/nofp\libc_nano.a(libc_a-memcpy-stub.o)
                0x08005ff8                memcpy
 .text._realloc_r
                0x08006014       0x5c C:/ST/STM32CubeIDE_1.19.0/STM32CubeIDE/plugins/com.st.stm32cube.ide.mcu.externaltools.gnu-tools-for-stm32.13.3.rel1.win32_1.0.0.202411081344/tools/bin/../lib/gcc/arm-none-eabi/13.3.1/../../../../arm-none-eabi/lib/thumb/v7-m/nofp\libc_nano.a(libc_a-reallocr.o)
                0x08006014                _realloc_r
 .text._malloc_usable_size_r
                0x08006070       0x10 C:/ST/STM32CubeIDE_1.19.0/STM32CubeIDE/plugins/com.st.stm32cube.ide.mcu.externaltools.gnu-tools-for-stm32.13.3.rel1.win32_1.0.0.202411081344/tools/bin/../lib/gcc/arm-none-eabi/13.3.1/../../../../arm-none-eabi/lib/thumb/v7-m/nofp\libc_nano.a(libc_a-msizer.o)
                0x08006070                _malloc_usable_size_r
 *(.glue_7)
 .glue_7        0x08006080        0x0 linker stubs
 *(.glue_7t)
 .glue_7t       0x08006080        0x0 linker stubs
 *(.eh_frame)
 .eh_frame      0x08006080        0x0 C:/ST/STM32CubeIDE_1.19.0/STM32CubeIDE/plugins/com.st.stm32cube.ide.mcu.externaltools.gnu-tools-for-stm32.13.3.rel1.win32_1.0.0.202411081344/tools/bin/../lib/gcc/arm-none-eabi/13.3.1/thumb/v7-m/nofp/crtbegin.o
 *(.init)
 .init          0x08006080        0x4 C:/ST/STM32CubeIDE_1.19.0/STM32CubeIDE/plugins/com.st.stm32cube.ide.mcu.externaltools.gnu-tools-for-stm32.13.3.rel1.win32_1.0.0.202411081344/tools/bin/../lib/gcc/arm-none-eabi/13.3.1/thumb/v7-m/nofp/crti.o
                0x08006080                _init
 .init          0x08006084        0x8 C:/ST/STM32CubeIDE_1.19.0/STM32CubeIDE/plugins/com.st.stm32cube.ide.mcu.externaltools.gnu-tools-for-stm32.13.3.rel1.win32_1.0.0.202411081344/tools/bin/../lib/gcc/arm-none-eabi/13.3.1/thumb/v7-m/nofp/crtn.o
 *(.fini)
 .fini          0x0800608c        0x4 C:/ST/STM32CubeIDE_1.19.0/STM32CubeIDE/plugins/com.st.stm32cube.ide.mcu.externaltools.gnu-tools-for-stm32.13.3.rel1.win32_1.0.0.202411081344/tools/bin/../lib/gcc/arm-none-eabi/13.3.1/thumb/v7-m/nofp/crti.o
                0x0800608c                _fini
 .fini          0x08006090        0x8 C:/ST/STM32CubeIDE_1.19.0/STM32CubeIDE/plugins/com.st.stm32cube.ide.mcu.externaltools.gnu-tools-for-stm32.13.3.rel1.win32_1.0.0.202411081344/tools/bin/../lib/gcc/arm-none-eabi/13.3.1/thumb/v7-m/nofp/crtn.o
                0x08006098                        . = ALIGN (0x4)
                0x08006098                        _etext = .

.vfp11_veneer   0x08006098        0x0
 .vfp11_veneer  0x08006098        0x0 linker stubs

.v4_bx          0x08006098        0x0
 .v4_bx         0x08006098        0x0 linker stubs

.iplt           0x08006098        0x0
 .iplt          0x08006098        0x0 C:/ST/STM32CubeIDE_1.19.0/STM32CubeIDE/plugins/com.st.stm32cube.ide.mcu.externaltools.gnu-tools-for-stm32.13.3.rel1.win32_1.0.0.202411081344/tools/bin/../lib/gcc/arm-none-eabi/13.3.1/thumb/v7-m/nofp/crtbegin.o

.rodata         0x08006098       0xe8
                0x08006098                        . = ALIGN (0x4)
 *(.rodata)
 *(.rodata*)
 .rodata.main.str1.4
                0x08006098       0x73 ./Core/Src/main.o
                                 0x1f (size before relaxing)
 *fill*         0x0800610b        0x1 
 .rodata.APBPrescTable
                0x0800610c        0x8 ./Core/Src/system_stm32f1xx.o
                0x0800610c                APBPrescTable
 .rodata.AHBPrescTable
                0x08006114       0x10 ./Core/Src/system_stm32f1xx.o
                0x08006114                AHBPrescTable
 .rodata.USBD_FS_InterfaceStrDescriptor.str1.4
                0x08006124       0x15 ./Core/Src/usbd_desc.o
 .rodata.USBD_FS_ConfigStrDescriptor.str1.4
                0x08006124       0x12 ./Core/Src/usbd_desc.o
 .rodata.USBD_FS_ProductStrDescriptor.str1.4
                0x08006124       0x17 ./Core/Src/usbd_desc.o
 .rodata.USBD_FS_ManufacturerStrDescriptor.str1.4
                0x08006124       0x13 ./Core/Src/usbd_desc.o
 .rodata.aPredivFactorTable.0
                0x08006124        0x2 ./Drivers/STM32F1xx_HAL_Driver/Src/stm32f1xx_hal_rcc.o
 *fill*         0x08006126        0x2 
 .rodata.aPLLMULFactorTable.1
                0x08006128       0x10 ./Drivers/STM32F1xx_HAL_Driver/Src/stm32f1xx_hal_rcc.o
 .rodata.aPredivFactorTable.0
                0x08006138        0x2 ./Drivers/STM32F1xx_HAL_Driver/Src/stm32f1xx_hal_rcc_ex.o
 *fill*         0x0800613a        0x2 
 .rodata.aPLLMULFactorTable.1
                0x0800613c       0x10 ./Drivers/STM32F1xx_HAL_Driver/Src/stm32f1xx_hal_rcc_ex.o
 .rodata._svfprintf_r.str1.1
                0x0800614c       0x33 C:/ST/STM32CubeIDE_1.19.0/STM32CubeIDE/plugins/com.st.stm32cube.ide.mcu.externaltools.gnu-tools-for-stm32.13.3.rel1.win32_1.0.0.202411081344/tools/bin/../lib/gcc/arm-none-eabi/13.3.1/../../../../arm-none-eabi/lib/thumb/v7-m/nofp\libc_nano.a(libc_a-nano-svfprintf.o)
                                 0x11 (size before relaxing)
 .rodata._printf_i.str1.1
                0x0800617f       0x22 C:/ST/STM32CubeIDE_1.19.0/STM32CubeIDE/plugins/com.st.stm32cube.ide.mcu.externaltools.gnu-tools-for-stm32.13.3.rel1.win32_1.0.0.202411081344/tools/bin/../lib/gcc/arm-none-eabi/13.3.1/../../../../arm-none-eabi/lib/thumb/v7-m/nofp\libc_nano.a(libc_a-nano-vfprintf_i.o)
                0x080061a4                        . = ALIGN (0x4)
 *fill*         0x0800617f        0x1 

.ARM.extab      0x08006180        0x0
                0x08006180                        . = ALIGN (0x4)
 *(.ARM.extab* .gnu.linkonce.armextab.*)
                0x08006180                        . = ALIGN (0x4)

.ARM            0x08006180        0x8
                0x08006180                        . = ALIGN (0x4)
                0x08006180                        __exidx_start = .
 *(.ARM.exidx*)
 .ARM.exidx     0x08006180        0x8 C:/ST/STM32CubeIDE_1.19.0/STM32CubeIDE/plugins/com.st.stm32cube.ide.mcu.externaltools.gnu-tools-for-stm32.13.3.rel1.win32_1.0.0.202411081344/tools/bin/../lib/gcc/arm-none-eabi/13.3.1/../../../../arm-none-eabi/lib/thumb/v7-m/nofp\libc_nano.a(libc_a-strlen.o)
 .ARM.exidx     0x08006188        0x0 C:/ST/STM32CubeIDE_1.19.0/STM32CubeIDE/plugins/com.st.stm32cube.ide.mcu.externaltools.gnu-tools-for-stm32.13.3.rel1.win32_1.0.0.202411081344/tools/bin/../lib/gcc/arm-none-eabi/13.3.1/thumb/v7-m/nofp\libgcc.a(_udivmoddi4.o)
                                  0x8 (size before relaxing)
                0x08006188                        __exidx_end = .
                0x08006188                        . = ALIGN (0x4)

.preinit_array  0x08006188        0x0
                0x08006188                        . = ALIGN (0x4)
                0x08006188                        PROVIDE (__preinit_array_start = .)
 *(.preinit_array*)
                0x08006188                        PROVIDE (__preinit_array_end = .)
                0x08006188                        . = ALIGN (0x4)

.init_array     0x08006188        0x4
                0x08006188                        . = ALIGN (0x4)
                0x08006188                        PROVIDE (__init_array_start = .)
 *(SORT_BY_NAME(.init_array.*))
 *(.init_array*)
 .init_array    0x08006188        0x4 C:/ST/STM32CubeIDE_1.19.0/STM32CubeIDE/plugins/com.st.stm32cube.ide.mcu.externaltools.gnu-tools-for-stm32.13.3.rel1.win32_1.0.0.202411081344/tools/bin/../lib/gcc/arm-none-eabi/13.3.1/thumb/v7-m/nofp/crtbegin.o
                0x0800618c                        PROVIDE (__init_array_end = .)
                0x0800618c                        . = ALIGN (0x4)

.fini_array     0x0800618c        0x4
                0x0800618c                        . = ALIGN (0x4)
                [!provide]                        PROVIDE (__fini_array_start = .)
 *(SORT_BY_NAME(.fini_array.*))
 *(.fini_array*)
 .fini_array    0x0800618c        0x4 C:/ST/STM32CubeIDE_1.19.0/STM32CubeIDE/plugins/com.st.stm32cube.ide.mcu.externaltools.gnu-tools-for-stm32.13.3.rel1.win32_1.0.0.202411081344/tools/bin/../lib/gcc/arm-none-eabi/13.3.1/thumb/v7-m/nofp/crtbegin.o
                [!provide]                        PROVIDE (__fini_array_end = .)
                0x08006190                        . = ALIGN (0x4)
                0x08006190                        _sidata = LOADADDR (.data)

.rel.dyn        0x08006190        0x0
 .rel.iplt      0x08006190        0x0 C:/ST/STM32CubeIDE_1.19.0/STM32CubeIDE/plugins/com.st.stm32cube.ide.mcu.externaltools.gnu-tools-for-stm32.13.3.rel1.win32_1.0.0.202411081344/tools/bin/../lib/gcc/arm-none-eabi/13.3.1/thumb/v7-m/nofp/crtbegin.o

.data           0x20000000      0x1cc load address 0x08006190
                0x20000000                        . = ALIGN (0x4)
                0x20000000                        _sdata = .
 *(.data)
 *(.data*)
 .data.SystemCoreClock
                0x20000000        0x4 ./Core/Src/system_stm32f1xx.o
                0x20000000                SystemCoreClock
 .data.USBD_CDC_OtherSpeedCfgDesc
                0x20000004       0x43 ./Core/Src/usbd_cdc.o
                0x20000004                USBD_CDC_OtherSpeedCfgDesc
 *fill*         0x20000047        0x1 
 .data.USBD_CDC_CfgFSDesc
                0x20000048       0x43 ./Core/Src/usbd_cdc.o
                0x20000048                USBD_CDC_CfgFSDesc
 *fill*         0x2000008b        0x1 
 .data.USBD_CDC_CfgHSDesc
                0x2000008c       0x43 ./Core/Src/usbd_cdc.o
                0x2000008c                USBD_CDC_CfgHSDesc
 *fill*         0x200000cf        0x1 
 .data.USBD_CDC
                0x200000d0       0x38 ./Core/Src/usbd_cdc.o
                0x200000d0                USBD_CDC
 .data.USBD_CDC_DeviceQualifierDesc
                0x20000108        0xa ./Core/Src/usbd_cdc.o
 *fill*         0x20000112        0x2 
 .data.USBD_Interface_fops_FS
                0x20000114       0x10 ./Core/Src/usbd_cdc_if.o
                0x20000114                USBD_Interface_fops_FS
 .data.USBD_StringSerial
                0x20000124       0x1a ./Core/Src/usbd_desc.o
                0x20000124                USBD_StringSerial
 *fill*         0x2000013e        0x2 
 .data.USBD_LangIDDesc
                0x20000140        0x4 ./Core/Src/usbd_desc.o
                0x20000140                USBD_LangIDDesc
 .data.USBD_FS_DeviceDesc
                0x20000144       0x12 ./Core/Src/usbd_desc.o
                0x20000144                USBD_FS_DeviceDesc
 *fill*         0x20000156        0x2 
 .data.FS_Desc  0x20000158       0x1c ./Core/Src/usbd_desc.o
                0x20000158                FS_Desc
 .data.uwTickFreq
                0x20000174        0x1 ./Drivers/STM32F1xx_HAL_Driver/Src/stm32f1xx_hal.o
                0x20000174                uwTickFreq
 *fill*         0x20000175        0x3 
 .data.uwTickPrio
                0x20000178        0x4 ./Drivers/STM32F1xx_HAL_Driver/Src/stm32f1xx_hal.o
                0x20000178                uwTickPrio
 .data._impure_ptr
                0x2000017c        0x4 C:/ST/STM32CubeIDE_1.19.0/STM32CubeIDE/plugins/com.st.stm32cube.ide.mcu.externaltools.gnu-tools-for-stm32.13.3.rel1.win32_1.0.0.202411081344/tools/bin/../lib/gcc/arm-none-eabi/13.3.1/../../../../arm-none-eabi/lib/thumb/v7-m/nofp\libc_nano.a(libc_a-impure.o)
                0x2000017c                _impure_ptr
 .data._impure_data
                0x20000180       0x4c C:/ST/STM32CubeIDE_1.19.0/STM32CubeIDE/plugins/com.st.stm32cube.ide.mcu.externaltools.gnu-tools-for-stm32.13.3.rel1.win32_1.0.0.202411081344/tools/bin/../lib/gcc/arm-none-eabi/13.3.1/../../../../arm-none-eabi/lib/thumb/v7-m/nofp\libc_nano.a(libc_a-impure.o)
                0x20000180                _impure_data
 *(.RamFunc)
 *(.RamFunc*)
                0x200001cc                        . = ALIGN (0x4)
                0x200001cc                        _edata = .

.igot.plt       0x200001cc        0x0 load address 0x0800635c
 .igot.plt      0x200001cc        0x0 C:/ST/STM32CubeIDE_1.19.0/STM32CubeIDE/plugins/com.st.stm32cube.ide.mcu.externaltools.gnu-tools-for-stm32.13.3.rel1.win32_1.0.0.202411081344/tools/bin/../lib/gcc/arm-none-eabi/13.3.1/thumb/v7-m/nofp/crtbegin.o
                0x200001cc                        . = ALIGN (0x4)

.bss            0x200001d0      0xbec load address 0x0800635c
                0x200001d0                        _sbss = .
                0x200001d0                        __bss_start__ = _sbss
 *(.bss)
 .bss           0x200001d0       0x1c C:/ST/STM32CubeIDE_1.19.0/STM32CubeIDE/plugins/com.st.stm32cube.ide.mcu.externaltools.gnu-tools-for-stm32.13.3.rel1.win32_1.0.0.202411081344/tools/bin/../lib/gcc/arm-none-eabi/13.3.1/thumb/v7-m/nofp/crtbegin.o
 *(.bss*)
 .bss.output_tick_divider.0
                0x200001ec        0x2 ./Core/Src/main.o
 *fill*         0x200001ee        0x2 
 .bss.latest_pt1000_milli_c
                0x200001f0        0x4 ./Core/Src/main.o
 .bss.pt1000_filter_state_q15
                0x200001f4        0x4 ./Core/Src/main.o
 .bss.pt1000_filter_initialized
                0x200001f8        0x1 ./Core/Src/main.o
 *fill*         0x200001f9        0x1 
 .bss.usb_tx_length
                0x200001fa        0x2 ./Core/Src/main.o
 .bss.usb_tx_buffer
                0x200001fc       0x60 ./Core/Src/main.o
 .bss.usb_tx_pending
                0x2000025c        0x1 ./Core/Src/main.o
 *fill*         0x2000025d        0x1 
 .bss.pt1000_filtered_adc_counts
                0x2000025e        0x2 ./Core/Src/main.o
 .bss.tmp117_sample_due
                0x20000260        0x1 ./Core/Src/main.o
 .bss.usb_frame_due
                0x20000261        0x1 ./Core/Src/main.o
 *fill*         0x20000262        0x2 
 .bss.htim2     0x20000264       0x48 ./Core/Src/main.o
                0x20000264                htim2
 .bss.hi2c1     0x200002ac       0x54 ./Core/Src/main.o
                0x200002ac                hi2c1
 .bss.hadc1     0x20000300       0x30 ./Core/Src/main.o
                0x20000300                hadc1
 .bss.__sbrk_heap_end
                0x20000330        0x4 ./Core/Src/sysmem.o
 .bss.hUsbDeviceFS
                0x20000334      0x2c4 ./Core/Src/usb_device.o
                0x20000334                hUsbDeviceFS
 .bss.UserTxBufferFS
                0x200005f8       0x40 ./Core/Src/usbd_cdc_if.o
                0x200005f8                UserTxBufferFS
 .bss.UserRxBufferFS
                0x20000638       0x40 ./Core/Src/usbd_cdc_if.o
                0x20000638                UserRxBufferFS
 .bss.mem.0     0x20000678      0x21c ./Core/Src/usbd_conf.o
 .bss.hpcd_USB_FS
                0x20000894      0x2d8 ./Core/Src/usbd_conf.o
                0x20000894                hpcd_USB_FS
 .bss.cfgidx.0  0x20000b6c        0x1 ./Core/Src/usbd_ctlreq.o
 *fill*         0x20000b6d        0x3 
 .bss.USBD_StrDesc
                0x20000b70      0x100 ./Core/Src/usbd_desc.o
                0x20000b70                USBD_StrDesc
 .bss.uwTick    0x20000c70        0x4 ./Drivers/STM32F1xx_HAL_Driver/Src/stm32f1xx_hal.o
                0x20000c70                uwTick
 .bss.__sf      0x20000c74      0x138 C:/ST/STM32CubeIDE_1.19.0/STM32CubeIDE/plugins/com.st.stm32cube.ide.mcu.externaltools.gnu-tools-for-stm32.13.3.rel1.win32_1.0.0.202411081344/tools/bin/../lib/gcc/arm-none-eabi/13.3.1/../../../../arm-none-eabi/lib/thumb/v7-m/nofp\libc_nano.a(libc_a-findfp.o)
                0x20000c74                __sf
 .bss.errno     0x20000dac        0x4 C:/ST/STM32CubeIDE_1.19.0/STM32CubeIDE/plugins/com.st.stm32cube.ide.mcu.externaltools.gnu-tools-for-stm32.13.3.rel1.win32_1.0.0.202411081344/tools/bin/../lib/gcc/arm-none-eabi/13.3.1/../../../../arm-none-eabi/lib/thumb/v7-m/nofp\libc_nano.a(libc_a-reent.o)
                0x20000dac                errno
 .bss.__lock___malloc_recursive_mutex
                0x20000db0        0x1 C:/ST/STM32CubeIDE_1.19.0/STM32CubeIDE/plugins/com.st.stm32cube.ide.mcu.externaltools.gnu-tools-for-stm32.13.3.rel1.win32_1.0.0.202411081344/tools/bin/../lib/gcc/arm-none-eabi/13.3.1/../../../../arm-none-eabi/lib/thumb/v7-m/nofp\libc_nano.a(libc_a-lock.o)
                0x20000db0                __lock___malloc_recursive_mutex
 *fill*         0x20000db1        0x3 
 .bss.__malloc_sbrk_start
                0x20000db4        0x4 C:/ST/STM32CubeIDE_1.19.0/STM32CubeIDE/plugins/com.st.stm32cube.ide.mcu.externaltools.gnu-tools-for-stm32.13.3.rel1.win32_1.0.0.202411081344/tools/bin/../lib/gcc/arm-none-eabi/13.3.1/../../../../arm-none-eabi/lib/thumb/v7-m/nofp\libc_nano.a(libc_a-mallocr.o)
                0x20000db4                __malloc_sbrk_start
 .bss.__malloc_free_list
                0x20000db8        0x4 C:/ST/STM32CubeIDE_1.19.0/STM32CubeIDE/plugins/com.st.stm32cube.ide.mcu.externaltools.gnu-tools-for-stm32.13.3.rel1.win32_1.0.0.202411081344/tools/bin/../lib/gcc/arm-none-eabi/13.3.1/../../../../arm-none-eabi/lib/thumb/v7-m/nofp\libc_nano.a(libc_a-mallocr.o)
                0x20000db8                __malloc_free_list
 *(COMMON)
                0x20000dbc                        . = ALIGN (0x4)
                0x20000dbc                        _ebss = .
                0x20000dbc                        __bss_end__ = _ebss

._user_heap_stack
                0x20000dbc      0x604 load address 0x0800635c
                0x20000dc0                        . = ALIGN (0x8)
 *fill*         0x20000dbc        0x4 
                [!provide]                        PROVIDE (end = .)
                0x20000dc0                        PROVIDE (_end = .)
                0x20000fc0                        . = (. + _Min_Heap_Size)
 *fill*         0x20000dc0      0x200 
                0x200013c0                        . = (. + _Min_Stack_Size)
 *fill*         0x20000fc0      0x400 
                0x200013c0                        . = ALIGN (0x8)

/DISCARD/
 libc.a(*)
 libm.a(*)
 libgcc.a(*)

.ARM.attributes
                0x00000000       0x29
 *(.ARM.attributes)
 .ARM.attributes
                0x00000000       0x1d C:/ST/STM32CubeIDE_1.19.0/STM32CubeIDE/plugins/com.st.stm32cube.ide.mcu.externaltools.gnu-tools-for-stm32.13.3.rel1.win32_1.0.0.202411081344/tools/bin/../lib/gcc/arm-none-eabi/13.3.1/thumb/v7-m/nofp/crti.o
 .ARM.attributes
                0x0000001d       0x2d C:/ST/STM32CubeIDE_1.19.0/STM32CubeIDE/plugins/com.st.stm32cube.ide.mcu.externaltools.gnu-tools-for-stm32.13.3.rel1.win32_1.0.0.202411081344/tools/bin/../lib/gcc/arm-none-eabi/13.3.1/thumb/v7-m/nofp/crtbegin.o
 .ARM.attributes
                0x0000004a       0x29 ./Core/Src/main.o
 .ARM.attributes
                0x00000073       0x29 ./Core/Src/stm32f1xx_hal_msp.o
 .ARM.attributes
                0x0000009c       0x29 ./Core/Src/stm32f1xx_it.o
 .ARM.attributes
                0x000000c5       0x29 ./Core/Src/sysmem.o
 .ARM.attributes
                0x000000ee       0x29 ./Core/Src/system_stm32f1xx.o
 .ARM.attributes
                0x00000117       0x29 ./Core/Src/usb_device.o
 .ARM.attributes
                0x00000140       0x29 ./Core/Src/usbd_cdc.o
 .ARM.attributes
                0x00000169       0x29 ./Core/Src/usbd_cdc_if.o
 .ARM.attributes
                0x00000192       0x29 ./Core/Src/usbd_conf.o
 .ARM.attributes
                0x000001bb       0x29 ./Core/Src/usbd_core.o
 .ARM.attributes
                0x000001e4       0x29 ./Core/Src/usbd_ctlreq.o
 .ARM.attributes
                0x0000020d       0x29 ./Core/Src/usbd_desc.o
 .ARM.attributes
                0x00000236       0x29 ./Core/Src/usbd_ioreq.o
 .ARM.attributes
                0x0000025f       0x21 ./Core/Startup/startup_stm32f103c8tx.o
 .ARM.attributes
                0x00000280       0x29 ./Drivers/STM32F1xx_HAL_Driver/Src/stm32f1xx_hal.o
 .ARM.attributes
                0x000002a9       0x29 ./Drivers/STM32F1xx_HAL_Driver/Src/stm32f1xx_hal_adc.o
 .ARM.attributes
                0x000002d2       0x29 ./Drivers/STM32F1xx_HAL_Driver/Src/stm32f1xx_hal_adc_ex.o
 .ARM.attributes
                0x000002fb       0x29 ./Drivers/STM32F1xx_HAL_Driver/Src/stm32f1xx_hal_cortex.o
 .ARM.attributes
                0x00000324       0x29 ./Drivers/STM32F1xx_HAL_Driver/Src/stm32f1xx_hal_gpio.o
 .ARM.attributes
                0x0000034d       0x29 ./Drivers/STM32F1xx_HAL_Driver/Src/stm32f1xx_hal_i2c.o
 .ARM.attributes
                0x00000376       0x29 ./Drivers/STM32F1xx_HAL_Driver/Src/stm32f1xx_hal_pcd.o
 .ARM.attributes
                0x0000039f       0x29 ./Drivers/STM32F1xx_HAL_Driver/Src/stm32f1xx_hal_pcd_ex.o
 .ARM.attributes
                0x000003c8       0x29 ./Drivers/STM32F1xx_HAL_Driver/Src/stm32f1xx_hal_rcc.o
 .ARM.attributes
                0x000003f1       0x29 ./Drivers/STM32F1xx_HAL_Driver/Src/stm32f1xx_hal_rcc_ex.o
 .ARM.attributes
                0x0000041a       0x29 ./Drivers/STM32F1xx_HAL_Driver/Src/stm32f1xx_hal_tim.o
 .ARM.attributes
                0x00000443       0x29 ./Drivers/STM32F1xx_HAL_Driver/Src/stm32f1xx_hal_tim_ex.o
 .ARM.attributes
                0x0000046c       0x29 ./Drivers/STM32F1xx_HAL_Driver/Src/stm32f1xx_ll_usb.o
 .ARM.attributes
                0x00000495       0x2d C:/ST/STM32CubeIDE_1.19.0/STM32CubeIDE/plugins/com.st.stm32cube.ide.mcu.externaltools.gnu-tools-for-stm32.13.3.rel1.win32_1.0.0.202411081344/tools/bin/../lib/gcc/arm-none-eabi/13.3.1/../../../../arm-none-eabi/lib/thumb/v7-m/nofp\libc_nano.a(libc_a-findfp.o)
 .ARM.attributes
                0x000004c2       0x2d C:/ST/STM32CubeIDE_1.19.0/STM32CubeIDE/plugins/com.st.stm32cube.ide.mcu.externaltools.gnu-tools-for-stm32.13.3.rel1.win32_1.0.0.202411081344/tools/bin/../lib/gcc/arm-none-eabi/13.3.1/../../../../arm-none-eabi/lib/thumb/v7-m/nofp\libc_nano.a(libc_a-snprintf.o)
 .ARM.attributes
                0x000004ef       0x2d C:/ST/STM32CubeIDE_1.19.0/STM32CubeIDE/plugins/com.st.stm32cube.ide.mcu.externaltools.gnu-tools-for-stm32.13.3.rel1.win32_1.0.0.202411081344/tools/bin/../lib/gcc/arm-none-eabi/13.3.1/../../../../arm-none-eabi/lib/thumb/v7-m/nofp\libc_nano.a(libc_a-reent.o)
 .ARM.attributes
                0x0000051c       0x2d C:/ST/STM32CubeIDE_1.19.0/STM32CubeIDE/plugins/com.st.stm32cube.ide.mcu.externaltools.gnu-tools-for-stm32.13.3.rel1.win32_1.0.0.202411081344/tools/bin/../lib/gcc/arm-none-eabi/13.3.1/../../../../arm-none-eabi/lib/thumb/v7-m/nofp\libc_nano.a(libc_a-impure.o)
 .ARM.attributes
                0x00000549       0x2d C:/ST/STM32CubeIDE_1.19.0/STM32CubeIDE/plugins/com.st.stm32cube.ide.mcu.externaltools.gnu-tools-for-stm32.13.3.rel1.win32_1.0.0.202411081344/tools/bin/../lib/gcc/arm-none-eabi/13.3.1/../../../../arm-none-eabi/lib/thumb/v7-m/nofp\libc_nano.a(libc_a-errno.o)
 .ARM.attributes
                0x00000576       0x2d C:/ST/STM32CubeIDE_1.19.0/STM32CubeIDE/plugins/com.st.stm32cube.ide.mcu.externaltools.gnu-tools-for-stm32.13.3.rel1.win32_1.0.0.202411081344/tools/bin/../lib/gcc/arm-none-eabi/13.3.1/../../../../arm-none-eabi/lib/thumb/v7-m/nofp\libc_nano.a(libc_a-init.o)
 .ARM.attributes
                0x000005a3       0x2d C:/ST/STM32CubeIDE_1.19.0/STM32CubeIDE/plugins/com.st.stm32cube.ide.mcu.externaltools.gnu-tools-for-stm32.13.3.rel1.win32_1.0.0.202411081344/tools/bin/../lib/gcc/arm-none-eabi/13.3.1/../../../../arm-none-eabi/lib/thumb/v7-m/nofp\libc_nano.a(libc_a-lock.o)
 .ARM.attributes
                0x000005d0       0x17 C:/ST/STM32CubeIDE_1.19.0/STM32CubeIDE/plugins/com.st.stm32cube.ide.mcu.externaltools.gnu-tools-for-stm32.13.3.rel1.win32_1.0.0.202411081344/tools/bin/../lib/gcc/arm-none-eabi/13.3.1/../../../../arm-none-eabi/lib/thumb/v7-m/nofp\libc_nano.a(libc_a-strlen.o)
 .ARM.attributes
                0x000005e7       0x2d C:/ST/STM32CubeIDE_1.19.0/STM32CubeIDE/plugins/com.st.stm32cube.ide.mcu.externaltools.gnu-tools-for-stm32.13.3.rel1.win32_1.0.0.202411081344/tools/bin/../lib/gcc/arm-none-eabi/13.3.1/../../../../arm-none-eabi/lib/thumb/v7-m/nofp\libc_nano.a(libc_a-freer.o)
 .ARM.attributes
                0x00000614       0x2d C:/ST/STM32CubeIDE_1.19.0/STM32CubeIDE/plugins/com.st.stm32cube.ide.mcu.externaltools.gnu-tools-for-stm32.13.3.rel1.win32_1.0.0.202411081344/tools/bin/../lib/gcc/arm-none-eabi/13.3.1/../../../../arm-none-eabi/lib/thumb/v7-m/nofp\libc_nano.a(libc_a-mallocr.o)
 .ARM.attributes
                0x00000641       0x2d C:/ST/STM32CubeIDE_1.19.0/STM32CubeIDE/plugins/com.st.stm32cube.ide.mcu.externaltools.gnu-tools-for-stm32.13.3.rel1.win32_1.0.0.202411081344/tools/bin/../lib/gcc/arm-none-eabi/13.3.1/../../../../arm-none-eabi/lib/thumb/v7-m/nofp\libc_nano.a(libc_a-mlock.o)
 .ARM.attributes
                0x0000066e       0x2d C:/ST/STM32CubeIDE_1.19.0/STM32CubeIDE/plugins/com.st.stm32cube.ide.mcu.externaltools.gnu-tools-for-stm32.13.3.rel1.win32_1.0.0.202411081344/tools/bin/../lib/gcc/arm-none-eabi/13.3.1/../../../../arm-none-eabi/lib/thumb/v7-m/nofp\libc_nano.a(libc_a-nano-svfprintf.o)
 .ARM.attributes
                0x0000069b       0x2d C:/ST/STM32CubeIDE_1.19.0/STM32CubeIDE/plugins/com.st.stm32cube.ide.mcu.externaltools.gnu-tools-for-stm32.13.3.rel1.win32_1.0.0.202411081344/tools/bin/../lib/gcc/arm-none-eabi/13.3.1/../../../../arm-none-eabi/lib/thumb/v7-m/nofp\libc_nano.a(libc_a-nano-vfprintf_i.o)
 .ARM.attributes
                0x000006c8       0x2d C:/ST/STM32CubeIDE_1.19.0/STM32CubeIDE/plugins/com.st.stm32cube.ide.mcu.externaltools.gnu-tools-for-stm32.13.3.rel1.win32_1.0.0.202411081344/tools/bin/../lib/gcc/arm-none-eabi/13.3.1/../../../../arm-none-eabi/lib/thumb/v7-m/nofp\libc_nano.a(libc_a-memmove.o)
 .ARM.attributes
                0x000006f5       0x2d C:/ST/STM32CubeIDE_1.19.0/STM32CubeIDE/plugins/com.st.stm32cube.ide.mcu.externaltools.gnu-tools-for-stm32.13.3.rel1.win32_1.0.0.202411081344/tools/bin/../lib/gcc/arm-none-eabi/13.3.1/../../../../arm-none-eabi/lib/thumb/v7-m/nofp\libc_nano.a(libc_a-sbrkr.o)
 .ARM.attributes
                0x00000722       0x2d C:/ST/STM32CubeIDE_1.19.0/STM32CubeIDE/plugins/com.st.stm32cube.ide.mcu.externaltools.gnu-tools-for-stm32.13.3.rel1.win32_1.0.0.202411081344/tools/bin/../lib/gcc/arm-none-eabi/13.3.1/../../../../arm-none-eabi/lib/thumb/v7-m/nofp\libc_nano.a(libc_a-memchr-stub.o)
 .ARM.attributes
                0x0000074f       0x2d C:/ST/STM32CubeIDE_1.19.0/STM32CubeIDE/plugins/com.st.stm32cube.ide.mcu.externaltools.gnu-tools-for-stm32.13.3.rel1.win32_1.0.0.202411081344/tools/bin/../lib/gcc/arm-none-eabi/13.3.1/../../../../arm-none-eabi/lib/thumb/v7-m/nofp\libc_nano.a(libc_a-memcpy-stub.o)
 .ARM.attributes
                0x0000077c       0x2d C:/ST/STM32CubeIDE_1.19.0/STM32CubeIDE/plugins/com.st.stm32cube.ide.mcu.externaltools.gnu-tools-for-stm32.13.3.rel1.win32_1.0.0.202411081344/tools/bin/../lib/gcc/arm-none-eabi/13.3.1/../../../../arm-none-eabi/lib/thumb/v7-m/nofp\libc_nano.a(libc_a-reallocr.o)
 .ARM.attributes
                0x000007a9       0x2d C:/ST/STM32CubeIDE_1.19.0/STM32CubeIDE/plugins/com.st.stm32cube.ide.mcu.externaltools.gnu-tools-for-stm32.13.3.rel1.win32_1.0.0.202411081344/tools/bin/../lib/gcc/arm-none-eabi/13.3.1/../../../../arm-none-eabi/lib/thumb/v7-m/nofp\libc_nano.a(libc_a-msizer.o)
 .ARM.attributes
                0x000007d6       0x1d C:/ST/STM32CubeIDE_1.19.0/STM32CubeIDE/plugins/com.st.stm32cube.ide.mcu.externaltools.gnu-tools-for-stm32.13.3.rel1.win32_1.0.0.202411081344/tools/bin/../lib/gcc/arm-none-eabi/13.3.1/thumb/v7-m/nofp\libgcc.a(_aeabi_ldivmod.o)
 .ARM.attributes
                0x000007f3       0x2d C:/ST/STM32CubeIDE_1.19.0/STM32CubeIDE/plugins/com.st.stm32cube.ide.mcu.externaltools.gnu-tools-for-stm32.13.3.rel1.win32_1.0.0.202411081344/tools/bin/../lib/gcc/arm-none-eabi/13.3.1/thumb/v7-m/nofp\libgcc.a(_udivmoddi4.o)
 .ARM.attributes
                0x00000820       0x1d C:/ST/STM32CubeIDE_1.19.0/STM32CubeIDE/plugins/com.st.stm32cube.ide.mcu.externaltools.gnu-tools-for-stm32.13.3.rel1.win32_1.0.0.202411081344/tools/bin/../lib/gcc/arm-none-eabi/13.3.1/thumb/v7-m/nofp\libgcc.a(_dvmd_tls.o)
 .ARM.attributes
                0x0000083d       0x1d C:/ST/STM32CubeIDE_1.19.0/STM32CubeIDE/plugins/com.st.stm32cube.ide.mcu.externaltools.gnu-tools-for-stm32.13.3.rel1.win32_1.0.0.202411081344/tools/bin/../lib/gcc/arm-none-eabi/13.3.1/thumb/v7-m/nofp/crtn.o
OUTPUT(TMP117_stm32f103c8.elf elf32-littlearm)
LOAD linker stubs
LOAD C:/ST/STM32CubeIDE_1.19.0/STM32CubeIDE/plugins/com.st.stm32cube.ide.mcu.externaltools.gnu-tools-for-stm32.13.3.rel1.win32_1.0.0.202411081344/tools/bin/../lib/gcc/arm-none-eabi/13.3.1/../../../../arm-none-eabi/lib/thumb/v7-m/nofp\libc.a
LOAD C:/ST/STM32CubeIDE_1.19.0/STM32CubeIDE/plugins/com.st.stm32cube.ide.mcu.externaltools.gnu-tools-for-stm32.13.3.rel1.win32_1.0.0.202411081344/tools/bin/../lib/gcc/arm-none-eabi/13.3.1/../../../../arm-none-eabi/lib/thumb/v7-m/nofp\libm.a
LOAD C:/ST/STM32CubeIDE_1.19.0/STM32CubeIDE/plugins/com.st.stm32cube.ide.mcu.externaltools.gnu-tools-for-stm32.13.3.rel1.win32_1.0.0.202411081344/tools/bin/../lib/gcc/arm-none-eabi/13.3.1/thumb/v7-m/nofp\libgcc.a

.debug_info     0x00000000    0x1da6c
 .debug_info    0x00000000     0x1b39 ./Core/Src/main.o
 .debug_info    0x00001b39     0x167b ./Core/Src/stm32f1xx_hal_msp.o
 .debug_info    0x000031b4      0xb98 ./Core/Src/stm32f1xx_it.o
 .debug_info    0x00003d4c      0x186 ./Core/Src/sysmem.o
 .debug_info    0x00003ed2      0x231 ./Core/Src/system_stm32f1xx.o
 .debug_info    0x00004103      0x710 ./Core/Src/usb_device.o
 .debug_info    0x00004813     0x1379 ./Core/Src/usbd_cdc.o
 .debug_info    0x00005b8c      0x88f ./Core/Src/usbd_cdc_if.o
 .debug_info    0x0000641b     0x18a5 ./Core/Src/usbd_conf.o
 .debug_info    0x00007cc0      0xe09 ./Core/Src/usbd_core.o
 .debug_info    0x00008ac9      0xf45 ./Core/Src/usbd_ctlreq.o
 .debug_info    0x00009a0e      0x57e ./Core/Src/usbd_desc.o
 .debug_info    0x00009f8c      0x838 ./Core/Src/usbd_ioreq.o
 .debug_info    0x0000a7c4       0x30 ./Core/Startup/startup_stm32f103c8tx.o
 .debug_info    0x0000a7f4      0x7dc ./Drivers/STM32F1xx_HAL_Driver/Src/stm32f1xx_hal.o
 .debug_info    0x0000afd0     0x1115 ./Drivers/STM32F1xx_HAL_Driver/Src/stm32f1xx_hal_adc.o
 .debug_info    0x0000c0e5      0xc3d ./Drivers/STM32F1xx_HAL_Driver/Src/stm32f1xx_hal_adc_ex.o
 .debug_info    0x0000cd22      0xd02 ./Drivers/STM32F1xx_HAL_Driver/Src/stm32f1xx_hal_cortex.o
 .debug_info    0x0000da24      0x60c ./Drivers/STM32F1xx_HAL_Driver/Src/stm32f1xx_hal_gpio.o
 .debug_info    0x0000e030     0x3e58 ./Drivers/STM32F1xx_HAL_Driver/Src/stm32f1xx_hal_i2c.o
 .debug_info    0x00011e88     0x1ed6 ./Drivers/STM32F1xx_HAL_Driver/Src/stm32f1xx_hal_pcd.o
 .debug_info    0x00013d5e      0x6c8 ./Drivers/STM32F1xx_HAL_Driver/Src/stm32f1xx_hal_pcd_ex.o
 .debug_info    0x00014426      0xa69 ./Drivers/STM32F1xx_HAL_Driver/Src/stm32f1xx_hal_rcc.o
 .debug_info    0x00014e8f      0x420 ./Drivers/STM32F1xx_HAL_Driver/Src/stm32f1xx_hal_rcc_ex.o
 .debug_info    0x000152af     0x4e69 ./Drivers/STM32F1xx_HAL_Driver/Src/stm32f1xx_hal_tim.o
 .debug_info    0x0001a118     0x1baf ./Drivers/STM32F1xx_HAL_Driver/Src/stm32f1xx_hal_tim_ex.o
 .debug_info    0x0001bcc7     0x1da5 ./Drivers/STM32F1xx_HAL_Driver/Src/stm32f1xx_ll_usb.o

.debug_abbrev   0x00000000     0x4720
 .debug_abbrev  0x00000000      0x42e ./Core/Src/main.o
 .debug_abbrev  0x0000042e      0x281 ./Core/Src/stm32f1xx_hal_msp.o
 .debug_abbrev  0x000006af      0x209 ./Core/Src/stm32f1xx_it.o
 .debug_abbrev  0x000008b8       0xdc ./Core/Src/sysmem.o
 .debug_abbrev  0x00000994      0x145 ./Core/Src/system_stm32f1xx.o
 .debug_abbrev  0x00000ad9      0x1b2 ./Core/Src/usb_device.o
 .debug_abbrev  0x00000c8b      0x32a ./Core/Src/usbd_cdc.o
 .debug_abbrev  0x00000fb5      0x259 ./Core/Src/usbd_cdc_if.o
 .debug_abbrev  0x0000120e      0x322 ./Core/Src/usbd_conf.o
 .debug_abbrev  0x00001530      0x308 ./Core/Src/usbd_core.o
 .debug_abbrev  0x00001838      0x3ad ./Core/Src/usbd_ctlreq.o
 .debug_abbrev  0x00001be5      0x215 ./Core/Src/usbd_desc.o
 .debug_abbrev  0x00001dfa      0x1b6 ./Core/Src/usbd_ioreq.o
 .debug_abbrev  0x00001fb0       0x24 ./Core/Startup/startup_stm32f103c8tx.o
 .debug_abbrev  0x00001fd4      0x272 ./Drivers/STM32F1xx_HAL_Driver/Src/stm32f1xx_hal.o
 .debug_abbrev  0x00002246      0x33a ./Drivers/STM32F1xx_HAL_Driver/Src/stm32f1xx_hal_adc.o
 .debug_abbrev  0x00002580      0x298 ./Drivers/STM32F1xx_HAL_Driver/Src/stm32f1xx_hal_adc_ex.o
 .debug_abbrev  0x00002818      0x363 ./Drivers/STM32F1xx_HAL_Driver/Src/stm32f1xx_hal_cortex.o
 .debug_abbrev  0x00002b7b      0x20a ./Drivers/STM32F1xx_HAL_Driver/Src/stm32f1xx_hal_gpio.o
 .debug_abbrev  0x00002d85      0x49c ./Drivers/STM32F1xx_HAL_Driver/Src/stm32f1xx_hal_i2c.o
 .debug_abbrev  0x00003221      0x412 ./Drivers/STM32F1xx_HAL_Driver/Src/stm32f1xx_hal_pcd.o
 .debug_abbrev  0x00003633      0x1d3 ./Drivers/STM32F1xx_HAL_Driver/Src/stm32f1xx_hal_pcd_ex.o
 .debug_abbrev  0x00003806      0x344 ./Drivers/STM32F1xx_HAL_Driver/Src/stm32f1xx_hal_rcc.o
 .debug_abbrev  0x00003b4a      0x1d8 ./Drivers/STM32F1xx_HAL_Driver/Src/stm32f1xx_hal_rcc_ex.o
 .debug_abbrev  0x00003d22      0x37f ./Drivers/STM32F1xx_HAL_Driver/Src/stm32f1xx_hal_tim.o
 .debug_abbrev  0x000040a1      0x37c ./Drivers/STM32F1xx_HAL_Driver/Src/stm32f1xx_hal_tim_ex.o
 .debug_abbrev  0x0000441d      0x303 ./Drivers/STM32F1xx_HAL_Driver/Src/stm32f1xx_ll_usb.o

.debug_loclists
                0x00000000    0x10d49
 .debug_loclists
                0x00000000      0x262 ./Core/Src/main.o
 .debug_loclists
                0x00000262       0xff ./Core/Src/stm32f1xx_hal_msp.o
 .debug_loclists
                0x00000361       0x61 ./Core/Src/sysmem.o
 .debug_loclists
                0x000003c2       0x9f ./Core/Src/system_stm32f1xx.o
 .debug_loclists
                0x00000461      0x4f8 ./Core/Src/usbd_cdc.o
 .debug_loclists
                0x00000959       0xe6 ./Core/Src/usbd_cdc_if.o
 .debug_loclists
                0x00000a3f      0x6ed ./Core/Src/usbd_conf.o
 .debug_loclists
                0x0000112c      0x661 ./Core/Src/usbd_core.o
 .debug_loclists
                0x0000178d      0x9eb ./Core/Src/usbd_ctlreq.o
 .debug_loclists
                0x00002178      0x2ae ./Core/Src/usbd_desc.o
 .debug_loclists
                0x00002426      0x214 ./Core/Src/usbd_ioreq.o
 .debug_loclists
                0x0000263a       0xf4 ./Drivers/STM32F1xx_HAL_Driver/Src/stm32f1xx_hal.o
 .debug_loclists
                0x0000272e      0xa00 ./Drivers/STM32F1xx_HAL_Driver/Src/stm32f1xx_hal_adc.o
 .debug_loclists
                0x0000312e      0x6ec ./Drivers/STM32F1xx_HAL_Driver/Src/stm32f1xx_hal_adc_ex.o
 .debug_loclists
                0x0000381a      0x57d ./Drivers/STM32F1xx_HAL_Driver/Src/stm32f1xx_hal_cortex.o
 .debug_loclists
                0x00003d97      0x53b ./Drivers/STM32F1xx_HAL_Driver/Src/stm32f1xx_hal_gpio.o
 .debug_loclists
                0x000042d2     0x333a ./Drivers/STM32F1xx_HAL_Driver/Src/stm32f1xx_hal_i2c.o
 .debug_loclists
                0x0000760c     0x112f ./Drivers/STM32F1xx_HAL_Driver/Src/stm32f1xx_hal_pcd.o
 .debug_loclists
                0x0000873b       0xa5 ./Drivers/STM32F1xx_HAL_Driver/Src/stm32f1xx_hal_pcd_ex.o
 .debug_loclists
                0x000087e0      0x492 ./Drivers/STM32F1xx_HAL_Driver/Src/stm32f1xx_hal_rcc.o
 .debug_loclists
                0x00008c72      0x2b1 ./Drivers/STM32F1xx_HAL_Driver/Src/stm32f1xx_hal_rcc_ex.o
 .debug_loclists
                0x00008f23     0x524d ./Drivers/STM32F1xx_HAL_Driver/Src/stm32f1xx_hal_tim.o
 .debug_loclists
                0x0000e170     0x10b4 ./Drivers/STM32F1xx_HAL_Driver/Src/stm32f1xx_hal_tim_ex.o
 .debug_loclists
                0x0000f224     0x1b25 ./Drivers/STM32F1xx_HAL_Driver/Src/stm32f1xx_ll_usb.o

.debug_aranges  0x00000000     0x1218
 .debug_aranges
                0x00000000       0x38 ./Core/Src/main.o
 .debug_aranges
                0x00000038       0x60 ./Core/Src/stm32f1xx_hal_msp.o
 .debug_aranges
                0x00000098       0x70 ./Core/Src/stm32f1xx_it.o
 .debug_aranges
                0x00000108       0x20 ./Core/Src/sysmem.o
 .debug_aranges
                0x00000128       0x28 ./Core/Src/system_stm32f1xx.o
 .debug_aranges
                0x00000150       0x20 ./Core/Src/usb_device.o
 .debug_aranges
                0x00000170       0x90 ./Core/Src/usbd_cdc.o
 .debug_aranges
                0x00000200       0x40 ./Core/Src/usbd_cdc_if.o
 .debug_aranges
                0x00000240      0x100 ./Core/Src/usbd_conf.o
 .debug_aranges
                0x00000340       0xb8 ./Core/Src/usbd_core.o
 .debug_aranges
                0x000003f8       0x48 ./Core/Src/usbd_ctlreq.o
 .debug_aranges
                0x00000440       0x50 ./Core/Src/usbd_desc.o
 .debug_aranges
                0x00000490       0x50 ./Core/Src/usbd_ioreq.o
 .debug_aranges
                0x000004e0       0x28 ./Core/Startup/startup_stm32f103c8tx.o
 .debug_aranges
                0x00000508       0xe0 ./Drivers/STM32F1xx_HAL_Driver/Src/stm32f1xx_hal.o
 .debug_aranges
                0x000005e8       0xf0 ./Drivers/STM32F1xx_HAL_Driver/Src/stm32f1xx_hal_adc.o
 .debug_aranges
                0x000006d8       0x80 ./Drivers/STM32F1xx_HAL_Driver/Src/stm32f1xx_hal_adc_ex.o
 .debug_aranges
                0x00000758       0x90 ./Drivers/STM32F1xx_HAL_Driver/Src/stm32f1xx_hal_cortex.o
 .debug_aranges
                0x000007e8       0x58 ./Drivers/STM32F1xx_HAL_Driver/Src/stm32f1xx_hal_gpio.o
 .debug_aranges
                0x00000840      0x1e8 ./Drivers/STM32F1xx_HAL_Driver/Src/stm32f1xx_hal_i2c.o
 .debug_aranges
                0x00000a28      0x128 ./Drivers/STM32F1xx_HAL_Driver/Src/stm32f1xx_hal_pcd.o
 .debug_aranges
                0x00000b50       0x38 ./Drivers/STM32F1xx_HAL_Driver/Src/stm32f1xx_hal_pcd_ex.o
 .debug_aranges
                0x00000b88       0x88 ./Drivers/STM32F1xx_HAL_Driver/Src/stm32f1xx_hal_rcc.o
 .debug_aranges
                0x00000c10       0x30 ./Drivers/STM32F1xx_HAL_Driver/Src/stm32f1xx_hal_rcc_ex.o
 .debug_aranges
                0x00000c40      0x380 ./Drivers/STM32F1xx_HAL_Driver/Src/stm32f1xx_hal_tim.o
 .debug_aranges
                0x00000fc0      0x160 ./Drivers/STM32F1xx_HAL_Driver/Src/stm32f1xx_hal_tim_ex.o
 .debug_aranges
                0x00001120       0xf8 ./Drivers/STM32F1xx_HAL_Driver/Src/stm32f1xx_ll_usb.o

.debug_rnglists
                0x00000000     0x2021
 .debug_rnglists
                0x00000000       0xde ./Core/Src/main.o
 .debug_rnglists
                0x000000de       0xbb ./Core/Src/stm32f1xx_hal_msp.o
 .debug_rnglists
                0x00000199       0x4f ./Core/Src/stm32f1xx_it.o
 .debug_rnglists
                0x000001e8       0x13 ./Core/Src/sysmem.o
 .debug_rnglists
                0x000001fb       0x19 ./Core/Src/system_stm32f1xx.o
 .debug_rnglists
                0x00000214       0x13 ./Core/Src/usb_device.o
 .debug_rnglists
                0x00000227       0x69 ./Core/Src/usbd_cdc.o
 .debug_rnglists
                0x00000290       0x2b ./Core/Src/usbd_cdc_if.o
 .debug_rnglists
                0x000002bb       0xbc ./Core/Src/usbd_conf.o
 .debug_rnglists
                0x00000377       0x86 ./Core/Src/usbd_core.o
 .debug_rnglists
                0x000003fd       0x99 ./Core/Src/usbd_ctlreq.o
 .debug_rnglists
                0x00000496       0x96 ./Core/Src/usbd_desc.o
 .debug_rnglists
                0x0000052c       0x37 ./Core/Src/usbd_ioreq.o
 .debug_rnglists
                0x00000563       0x19 ./Core/Startup/startup_stm32f103c8tx.o
 .debug_rnglists
                0x0000057c       0xa3 ./Drivers/STM32F1xx_HAL_Driver/Src/stm32f1xx_hal.o
 .debug_rnglists
                0x0000061f      0x161 ./Drivers/STM32F1xx_HAL_Driver/Src/stm32f1xx_hal_adc.o
 .debug_rnglists
                0x00000780       0x62 ./Drivers/STM32F1xx_HAL_Driver/Src/stm32f1xx_hal_adc_ex.o
 .debug_rnglists
                0x000007e2       0xdf ./Drivers/STM32F1xx_HAL_Driver/Src/stm32f1xx_hal_cortex.o
 .debug_rnglists
                0x000008c1       0x66 ./Drivers/STM32F1xx_HAL_Driver/Src/stm32f1xx_hal_gpio.o
 .debug_rnglists
                0x00000927      0x797 ./Drivers/STM32F1xx_HAL_Driver/Src/stm32f1xx_hal_i2c.o
 .debug_rnglists
                0x000010be      0x2bc ./Drivers/STM32F1xx_HAL_Driver/Src/stm32f1xx_hal_pcd.o
 .debug_rnglists
                0x0000137a       0x25 ./Drivers/STM32F1xx_HAL_Driver/Src/stm32f1xx_hal_pcd_ex.o
 .debug_rnglists
                0x0000139f       0xcc ./Drivers/STM32F1xx_HAL_Driver/Src/stm32f1xx_hal_rcc.o
 .debug_rnglists
                0x0000146b       0x43 ./Drivers/STM32F1xx_HAL_Driver/Src/stm32f1xx_hal_rcc_ex.o
 .debug_rnglists
                0x000014ae      0x652 ./Drivers/STM32F1xx_HAL_Driver/Src/stm32f1xx_hal_tim.o
 .debug_rnglists
                0x00001b00      0x1ad ./Drivers/STM32F1xx_HAL_Driver/Src/stm32f1xx_hal_tim_ex.o
 .debug_rnglists
                0x00001cad      0x374 ./Drivers/STM32F1xx_HAL_Driver/Src/stm32f1xx_ll_usb.o

.debug_macro    0x00000000    0x1b4aa
 .debug_macro   0x00000000      0x400 ./Core/Src/main.o
 .debug_macro   0x00000400      0xaf0 ./Core/Src/main.o
 .debug_macro   0x00000ef0      0x227 ./Core/Src/main.o
 .debug_macro   0x00001117       0x2e ./Core/Src/main.o
 .debug_macro   0x00001145       0x22 ./Core/Src/main.o
 .debug_macro   0x00001167       0x22 ./Core/Src/main.o
 .debug_macro   0x00001189       0x8e ./Core/Src/main.o
 .debug_macro   0x00001217       0x51 ./Core/Src/main.o
 .debug_macro   0x00001268      0x103 ./Core/Src/main.o
 .debug_macro   0x0000136b       0x6a ./Core/Src/main.o
 .debug_macro   0x000013d5      0x1df ./Core/Src/main.o
 .debug_macro   0x000015b4       0x1c ./Core/Src/main.o
 .debug_macro   0x000015d0       0x22 ./Core/Src/main.o
 .debug_macro   0x000015f2       0xbd ./Core/Src/main.o
 .debug_macro   0x000016af      0xd23 ./Core/Src/main.o
 .debug_macro   0x000023d2     0xe09e ./Core/Src/main.o
 .debug_macro   0x00010470       0x6d ./Core/Src/main.o
 .debug_macro   0x000104dd     0x34a2 ./Core/Src/main.o
 .debug_macro   0x0001397f      0x190 ./Core/Src/main.o
 .debug_macro   0x00013b0f       0x5c ./Core/Src/main.o
 .debug_macro   0x00013b6b      0x5bc ./Core/Src/main.o
 .debug_macro   0x00014127      0x289 ./Core/Src/main.o
 .debug_macro   0x000143b0      0x1cb ./Core/Src/main.o
 .debug_macro   0x0001457b      0x114 ./Core/Src/main.o
 .debug_macro   0x0001468f      0x1b2 ./Core/Src/main.o
 .debug_macro   0x00014841       0x27 ./Core/Src/main.o
 .debug_macro   0x00014868      0x136 ./Core/Src/main.o
 .debug_macro   0x0001499e      0x1bc ./Core/Src/main.o
 .debug_macro   0x00014b5a       0x34 ./Core/Src/main.o
 .debug_macro   0x00014b8e       0x3c ./Core/Src/main.o
 .debug_macro   0x00014bca       0x57 ./Core/Src/main.o
 .debug_macro   0x00014c21      0x46a ./Core/Src/main.o
 .debug_macro   0x0001508b      0x1b5 ./Core/Src/main.o
 .debug_macro   0x00015240       0x87 ./Core/Src/main.o
 .debug_macro   0x000152c7      0x240 ./Core/Src/main.o
 .debug_macro   0x00015507      0x287 ./Core/Src/main.o
 .debug_macro   0x0001578e      0x140 ./Core/Src/main.o
 .debug_macro   0x000158ce      0x8ed ./Core/Src/main.o
 .debug_macro   0x000161bb       0xb7 ./Core/Src/main.o
 .debug_macro   0x00016272      0x242 ./Core/Src/main.o
 .debug_macro   0x000164b4       0x83 ./Core/Src/main.o
 .debug_macro   0x00016537       0x34 ./Core/Src/main.o
 .debug_macro   0x0001656b       0x61 ./Core/Src/main.o
 .debug_macro   0x000165cc       0x24 ./Core/Src/main.o
 .debug_macro   0x000165f0       0x43 ./Core/Src/main.o
 .debug_macro   0x00016633       0x34 ./Core/Src/main.o
 .debug_macro   0x00016667       0x16 ./Core/Src/main.o
 .debug_macro   0x0001667d       0x3c ./Core/Src/main.o
 .debug_macro   0x000166b9      0x370 ./Core/Src/main.o
 .debug_macro   0x00016a29       0x10 ./Core/Src/main.o
 .debug_macro   0x00016a39       0x16 ./Core/Src/main.o
 .debug_macro   0x00016a4f       0x4a ./Core/Src/main.o
 .debug_macro   0x00016a99       0x34 ./Core/Src/main.o
 .debug_macro   0x00016acd       0x10 ./Core/Src/main.o
 .debug_macro   0x00016add       0x58 ./Core/Src/main.o
 .debug_macro   0x00016b35       0x8e ./Core/Src/main.o
 .debug_macro   0x00016bc3       0x1c ./Core/Src/main.o
 .debug_macro   0x00016bdf      0x185 ./Core/Src/main.o
 .debug_macro   0x00016d64       0x16 ./Core/Src/main.o
 .debug_macro   0x00016d7a       0x16 ./Core/Src/main.o
 .debug_macro   0x00016d90      0x146 ./Core/Src/main.o
 .debug_macro   0x00016ed6       0x16 ./Core/Src/main.o
 .debug_macro   0x00016eec       0x20 ./Core/Src/main.o
 .debug_macro   0x00016f0c       0x5e ./Core/Src/main.o
 .debug_macro   0x00016f6a      0x1c2 ./Core/Src/main.o
 .debug_macro   0x0001712c       0x8f ./Core/Src/main.o
 .debug_macro   0x000171bb       0x10 ./Core/Src/main.o
 .debug_macro   0x000171cb       0x7c ./Core/Src/main.o
 .debug_macro   0x00017247       0x17 ./Core/Src/main.o
 .debug_macro   0x0001725e      0x118 ./Core/Src/main.o
 .debug_macro   0x00017376      0x1ea ./Core/Src/stm32f1xx_hal_msp.o
 .debug_macro   0x00017560      0x1f4 ./Core/Src/stm32f1xx_it.o
 .debug_macro   0x00017754      0x112 ./Core/Src/sysmem.o
 .debug_macro   0x00017866      0x23c ./Core/Src/sysmem.o
 .debug_macro   0x00017aa2      0x1db ./Core/Src/system_stm32f1xx.o
 .debug_macro   0x00017c7d      0x367 ./Core/Src/usb_device.o
 .debug_macro   0x00017fe4       0x95 ./Core/Src/usb_device.o
 .debug_macro   0x00018079       0x22 ./Core/Src/usb_device.o
 .debug_macro   0x0001809b      0x345 ./Core/Src/usbd_cdc.o
 .debug_macro   0x000183e0       0x9e ./Core/Src/usbd_cdc.o
 .debug_macro   0x0001847e      0x112 ./Core/Src/usbd_cdc.o
 .debug_macro   0x00018590       0x56 ./Core/Src/usbd_cdc.o
 .debug_macro   0x000185e6      0x35a ./Core/Src/usbd_cdc_if.o
 .debug_macro   0x00018940      0x339 ./Core/Src/usbd_conf.o
 .debug_macro   0x00018c79      0x1c8 ./Core/Src/usbd_conf.o
 .debug_macro   0x00018e41      0x32c ./Core/Src/usbd_core.o
 .debug_macro   0x0001916d      0x336 ./Core/Src/usbd_ctlreq.o
 .debug_macro   0x000194a3      0x36f ./Core/Src/usbd_desc.o
 .debug_macro   0x00019812       0x1c ./Core/Src/usbd_desc.o
 .debug_macro   0x0001982e      0x332 ./Core/Src/usbd_ioreq.o
 .debug_macro   0x00019b60      0x1ff ./Drivers/STM32F1xx_HAL_Driver/Src/stm32f1xx_hal.o
 .debug_macro   0x00019d5f      0x1f8 ./Drivers/STM32F1xx_HAL_Driver/Src/stm32f1xx_hal_adc.o
 .debug_macro   0x00019f57      0x1ed ./Drivers/STM32F1xx_HAL_Driver/Src/stm32f1xx_hal_adc_ex.o
 .debug_macro   0x0001a144      0x1db ./Drivers/STM32F1xx_HAL_Driver/Src/stm32f1xx_hal_cortex.o
 .debug_macro   0x0001a31f      0x246 ./Drivers/STM32F1xx_HAL_Driver/Src/stm32f1xx_hal_gpio.o
 .debug_macro   0x0001a565      0x229 ./Drivers/STM32F1xx_HAL_Driver/Src/stm32f1xx_hal_i2c.o
 .debug_macro   0x0001a78e      0x1e7 ./Drivers/STM32F1xx_HAL_Driver/Src/stm32f1xx_hal_pcd.o
 .debug_macro   0x0001a975      0x1db ./Drivers/STM32F1xx_HAL_Driver/Src/stm32f1xx_hal_pcd_ex.o
 .debug_macro   0x0001ab50      0x1ed ./Drivers/STM32F1xx_HAL_Driver/Src/stm32f1xx_hal_rcc.o
 .debug_macro   0x0001ad3d      0x1db ./Drivers/STM32F1xx_HAL_Driver/Src/stm32f1xx_hal_rcc_ex.o
 .debug_macro   0x0001af18      0x1dc ./Drivers/STM32F1xx_HAL_Driver/Src/stm32f1xx_hal_tim.o
 .debug_macro   0x0001b0f4      0x1db ./Drivers/STM32F1xx_HAL_Driver/Src/stm32f1xx_hal_tim_ex.o
 .debug_macro   0x0001b2cf      0x1db ./Drivers/STM32F1xx_HAL_Driver/Src/stm32f1xx_ll_usb.o

.debug_line     0x00000000    0x24672
 .debug_line    0x00000000     0x1136 ./Core/Src/main.o
 .debug_line    0x00001136      0x9f7 ./Core/Src/stm32f1xx_hal_msp.o
 .debug_line    0x00001b2d      0x85d ./Core/Src/stm32f1xx_it.o
 .debug_line    0x0000238a      0x5d0 ./Core/Src/sysmem.o
 .debug_line    0x0000295a      0x7f7 ./Core/Src/system_stm32f1xx.o
 .debug_line    0x00003151      0x9f7 ./Core/Src/usb_device.o
 .debug_line    0x00003b48      0xe63 ./Core/Src/usbd_cdc.o
 .debug_line    0x000049ab      0xa31 ./Core/Src/usbd_cdc_if.o
 .debug_line    0x000053dc      0xdbf ./Core/Src/usbd_conf.o
 .debug_line    0x0000619b      0xe7a ./Core/Src/usbd_core.o
 .debug_line    0x00007015     0x1037 ./Core/Src/usbd_ctlreq.o
 .debug_line    0x0000804c      0xd1e ./Core/Src/usbd_desc.o
 .debug_line    0x00008d6a      0xa4c ./Core/Src/usbd_ioreq.o
 .debug_line    0x000097b6       0x78 ./Core/Startup/startup_stm32f103c8tx.o
 .debug_line    0x0000982e      0xad7 ./Drivers/STM32F1xx_HAL_Driver/Src/stm32f1xx_hal.o
 .debug_line    0x0000a305     0x18c4 ./Drivers/STM32F1xx_HAL_Driver/Src/stm32f1xx_hal_adc.o
 .debug_line    0x0000bbc9     0x12c2 ./Drivers/STM32F1xx_HAL_Driver/Src/stm32f1xx_hal_adc_ex.o
 .debug_line    0x0000ce8b      0xcbd ./Drivers/STM32F1xx_HAL_Driver/Src/stm32f1xx_hal_cortex.o
 .debug_line    0x0000db48      0xdf4 ./Drivers/STM32F1xx_HAL_Driver/Src/stm32f1xx_hal_gpio.o
 .debug_line    0x0000e93c     0x73b2 ./Drivers/STM32F1xx_HAL_Driver/Src/stm32f1xx_hal_i2c.o
 .debug_line    0x00015cee     0x22cb ./Drivers/STM32F1xx_HAL_Driver/Src/stm32f1xx_hal_pcd.o
 .debug_line    0x00017fb9      0x81e ./Drivers/STM32F1xx_HAL_Driver/Src/stm32f1xx_hal_pcd_ex.o
 .debug_line    0x000187d7     0x13ae ./Drivers/STM32F1xx_HAL_Driver/Src/stm32f1xx_hal_rcc.o
 .debug_line    0x00019b85      0xa74 ./Drivers/STM32F1xx_HAL_Driver/Src/stm32f1xx_hal_rcc_ex.o
 .debug_line    0x0001a5f9     0x639f ./Drivers/STM32F1xx_HAL_Driver/Src/stm32f1xx_hal_tim.o
 .debug_line    0x00020998     0x1da4 ./Drivers/STM32F1xx_HAL_Driver/Src/stm32f1xx_hal_tim_ex.o
 .debug_line    0x0002273c     0x1f36 ./Drivers/STM32F1xx_HAL_Driver/Src/stm32f1xx_ll_usb.o

.debug_str      0x00000000    0x95202
 .debug_str     0x00000000    0x95202 ./Core/Src/main.o
                              0x904a7 (size before relaxing)
 .debug_str     0x00095202    0x8b8f7 ./Core/Src/stm32f1xx_hal_msp.o
 .debug_str     0x00095202    0x8b1ba ./Core/Src/stm32f1xx_it.o
 .debug_str     0x00095202     0x77a6 ./Core/Src/sysmem.o
 .debug_str     0x00095202    0x8a8aa ./Core/Src/system_stm32f1xx.o
 .debug_str     0x00095202    0x8f2ed ./Core/Src/usb_device.o
 .debug_str     0x00095202    0x8f7ca ./Core/Src/usbd_cdc.o
 .debug_str     0x00095202    0x8f322 ./Core/Src/usbd_cdc_if.o
 .debug_str     0x00095202    0x8f9e2 ./Core/Src/usbd_conf.o
 .debug_str     0x00095202    0x8f0ff ./Core/Src/usbd_core.o
 .debug_str     0x00095202    0x8f031 ./Core/Src/usbd_ctlreq.o
 .debug_str     0x00095202    0x8eeb8 ./Core/Src/usbd_desc.o
 .debug_str     0x00095202    0x8ef46 ./Core/Src/usbd_ioreq.o
 .debug_str     0x00095202       0x80 ./Core/Startup/startup_stm32f103c8tx.o
 .debug_str     0x00095202    0x8afdd ./Drivers/STM32F1xx_HAL_Driver/Src/stm32f1xx_hal.o
 .debug_str     0x00095202    0x8af8e ./Drivers/STM32F1xx_HAL_Driver/Src/stm32f1xx_hal_adc.o
 .debug_str     0x00095202    0x8af76 ./Drivers/STM32F1xx_HAL_Driver/Src/stm32f1xx_hal_adc_ex.o
 .debug_str     0x00095202    0x8af29 ./Drivers/STM32F1xx_HAL_Driver/Src/stm32f1xx_hal_cortex.o
 .debug_str     0x00095202    0x8ac30 ./Drivers/STM32F1xx_HAL_Driver/Src/stm32f1xx_hal_gpio.o
 .debug_str     0x00095202    0x8b971 ./Drivers/STM32F1xx_HAL_Driver/Src/stm32f1xx_hal_i2c.o
 .debug_str     0x00095202    0x8b1c7 ./Drivers/STM32F1xx_HAL_Driver/Src/stm32f1xx_hal_pcd.o
 .debug_str     0x00095202    0x8ad29 ./Drivers/STM32F1xx_HAL_Driver/Src/stm32f1xx_hal_pcd_ex.o
 .debug_str     0x00095202    0x8acd9 ./Drivers/STM32F1xx_HAL_Driver/Src/stm32f1xx_hal_rcc.o
 .debug_str     0x00095202    0x8aa29 ./Drivers/STM32F1xx_HAL_Driver/Src/stm32f1xx_hal_rcc_ex.o
 .debug_str     0x00095202    0x8bcdb ./Drivers/STM32F1xx_HAL_Driver/Src/stm32f1xx_hal_tim.o
 .debug_str     0x00095202    0x8b4e7 ./Drivers/STM32F1xx_HAL_Driver/Src/stm32f1xx_hal_tim_ex.o
 .debug_str     0x00095202    0x8ad7b ./Drivers/STM32F1xx_HAL_Driver/Src/stm32f1xx_ll_usb.o

.comment        0x00000000       0x43
 .comment       0x00000000       0x43 ./Core/Src/main.o
                                 0x44 (size before relaxing)
 .comment       0x00000043       0x44 ./Core/Src/stm32f1xx_hal_msp.o
 .comment       0x00000043       0x44 ./Core/Src/stm32f1xx_it.o
 .comment       0x00000043       0x44 ./Core/Src/sysmem.o
 .comment       0x00000043       0x44 ./Core/Src/system_stm32f1xx.o
 .comment       0x00000043       0x44 ./Core/Src/usb_device.o
 .comment       0x00000043       0x44 ./Core/Src/usbd_cdc.o
 .comment       0x00000043       0x44 ./Core/Src/usbd_cdc_if.o
 .comment       0x00000043       0x44 ./Core/Src/usbd_conf.o
 .comment       0x00000043       0x44 ./Core/Src/usbd_core.o
 .comment       0x00000043       0x44 ./Core/Src/usbd_ctlreq.o
 .comment       0x00000043       0x44 ./Core/Src/usbd_desc.o
 .comment       0x00000043       0x44 ./Core/Src/usbd_ioreq.o
 .comment       0x00000043       0x44 ./Drivers/STM32F1xx_HAL_Driver/Src/stm32f1xx_hal.o
 .comment       0x00000043       0x44 ./Drivers/STM32F1xx_HAL_Driver/Src/stm32f1xx_hal_adc.o
 .comment       0x00000043       0x44 ./Drivers/STM32F1xx_HAL_Driver/Src/stm32f1xx_hal_adc_ex.o
 .comment       0x00000043       0x44 ./Drivers/STM32F1xx_HAL_Driver/Src/stm32f1xx_hal_cortex.o