../Core/Src/stm32f1xx_hal_msp.c:63:6:HAL_MspInit	8	static
../Core/Src/stm32f1xx_hal_msp.c:90:6:HAL_ADC_MspInit	40	static
../Core/Src/stm32f1xx_hal_msp.c:114:6:HAL_ADC_MspDeInit	0	static
../Core/Src/stm32f1xx_hal_msp.c:129:6:HAL_I2C_MspInit	40	static
../Core/Src/stm32f1xx_hal_msp.c:164:6:HAL_I2C_MspDeInit	8	static
../Core/Src/stm32f1xx_hal_msp.c:195:6:HAL_PCD_MspInit	40	static
../Core/Src/stm32f1xx_hal_msp.c:234:6:HAL_PCD_MspDeInit	8	static
../Core/Src/stm32f1xx_hal_msp.c:258:6:HAL_TIM_Base_MspInit	16	static
../Core/Src/stm32f1xx_hal_msp.c:275:6:HAL_TIM_Base_MspDeInit	0	static
